Component: ARM Compiler 5.06 update 5 (build 528) Tool: armlink [4d35e2]

==============================================================================

Section Cross References

    main.o(.text) refers to drv_bsp.o(.text) for All_Init
    main.o(.text) refers to ano_scheduler.o(.text) for Scheduler_Setup
    ano_scheduler.o(.text) refers to get_data.o(.text) for get_data
    ano_scheduler.o(.text) refers to user_task.o(.text) for UserTask_OneKeyCmd
    ano_scheduler.o(.text) refers to drv_sys.o(.text) for GetSysRunTimeMs
    ano_scheduler.o(.text) refers to ano_scheduler.o(.data) for sched_tasks
    ano_scheduler.o(.data) refers to ano_scheduler.o(.text) for Loop_1000Hz
    user_task.o(.text) refers to lx_fc_fun.o(.text) for OneKey_Land
    user_task.o(.text) refers to control.o(.text) for all_data_init
    user_task.o(.text) refers to drv_bsp.o(.bss) for rc_in
    user_task.o(.text) refers to user_task.o(.data) for one_key_land_f
    user_task.o(.text) refers to control.o(.data) for mission_step
    ano_dt_lx.o(.text) refers to drv_uart.o(.text) for DrvUart5SendBuf
    ano_dt_lx.o(.text) refers to ano_dt_lx.o(.bss) for dt
    ano_dt_lx.o(.text) refers to ano_lx.o(.bss) for pwm_to_esc
    ano_dt_lx.o(.text) refers to drv_led.o(.data) for led
    ano_dt_lx.o(.text) refers to lx_fc_state.o(.bss) for fc_sta
    ano_dt_lx.o(.text) refers to ano_lx.o(.data) for fc_vel
    ano_dt_lx.o(.text) refers to ano_dt_lx.o(.data) for rxstate
    ano_dt_lx.o(.text) refers to lx_fc_ext_sensor.o(.bss) for ext_sens
    ano_dt_lx.o(.text) refers to drv_bsp.o(.bss) for rc_in
    ano_lx.o(.text) refers to lx_fc_fun.o(.text) for LX_Change_Mode
    ano_lx.o(.text) refers to ano_math.o(.text) for my_deadzone
    ano_lx.o(.text) refers to drv_pwmout.o(.text) for DrvMotorPWMSet
    ano_lx.o(.text) refers to drv_adc.o(.text) for Drv_AdcGetBatVot
    ano_lx.o(.text) refers to drv_bsp.o(.text) for DrvRcInputTask
    ano_lx.o(.text) refers to drv_bsp.o(.bss) for rc_in
    ano_lx.o(.text) refers to control.o(.data) for my_code_control_flag
    ano_lx.o(.text) refers to lx_fc_state.o(.data) for sti_fun
    ano_lx.o(.text) refers to ano_lx.o(.bss) for rt_tar
    ano_lx.o(.text) refers to ano_dt_lx.o(.bss) for dt
    ano_lx.o(.text) refers to ano_lx.o(.data) for fail_safe_change_mod
    ano_lx.o(.text) refers to lx_fc_state.o(.bss) for fc_sta
    ano_lx.o(.text) refers to lx_fc_state.o(.text) for LX_FC_State_Task
    ano_lx.o(.text) refers to drv_anoof.o(.text) for AnoOF_Check_State
    ano_lx.o(.text) refers to drv_uart.o(.text) for DrvUartDataCheck
    ano_lx.o(.text) refers to drv_ubloxgps.o(.text) for GPS_Data_Prepare_Task
    ano_lx.o(.text) refers to lx_fc_ext_sensor.o(.text) for LX_FC_EXT_Sensor_Task
    ano_lx.o(.text) refers to ano_dt_lx.o(.text) for ANO_LX_Data_Exchange_Task
    ano_lx.o(.text) refers to drv_led.o(.text) for LED_1ms_DRV
    lx_fc_ext_sensor.o(.text) refers to drv_anoof.o(.bss) for ano_of
    lx_fc_ext_sensor.o(.text) refers to lx_fc_ext_sensor.o(.data) for of_alt_update_cnt
    lx_fc_ext_sensor.o(.text) refers to lx_fc_ext_sensor.o(.bss) for ext_sens
    lx_fc_ext_sensor.o(.text) refers to ano_dt_lx.o(.bss) for dt
    lx_fc_fun.o(.text) refers to ano_dt_lx.o(.text) for CMD_Send
    lx_fc_fun.o(.text) refers to lx_fc_state.o(.bss) for fc_sta
    lx_fc_fun.o(.text) refers to ano_dt_lx.o(.bss) for dt
    lx_fc_fun.o(.text) refers to lx_fc_fun.o(.data) for old_mode
    lx_fc_state.o(.text) refers to lx_fc_fun.o(.text) for FC_Unlock
    lx_fc_state.o(.text) refers to drv_bsp.o(.bss) for rc_in
    lx_fc_state.o(.text) refers to lx_fc_state.o(.data) for sti_fun
    lx_fc_state.o(.text) refers to lx_fc_state.o(.bss) for fc_sta
    get_data.o(.text) refers to dflti.o(.text) for __aeabi_i2d
    get_data.o(.text) refers to ddiv.o(.text) for __aeabi_ddiv
    get_data.o(.text) refers to cdrcmple.o(.text) for __aeabi_cdrcmple
    get_data.o(.text) refers to cdcmple.o(.text) for __aeabi_cdcmple
    get_data.o(.text) refers to dadd.o(.text) for __aeabi_dadd
    get_data.o(.text) refers to dmul.o(.text) for __aeabi_dmul
    get_data.o(.text) refers to ano_lx.o(.data) for fc_att
    get_data.o(.text) refers to get_data.o(.data) for rol
    get_data.o(.text) refers to drv_anoof.o(.bss) for ano_of
    get_data.o(.text) refers to ano_lx.o(.bss) for fc_hight
    control.o(.text) refers to control.o(.data) for Task_time_dly_cnt_ms
    computer.o(.text) refers to computer.o(.data) for rxstate
    computer.o(.text) refers to computer.o(.bss) for COM_RxBuffer
    vision.o(.text) refers to drv_uart.o(.text) for DrvUart1SendBuf
    vision.o(.text) refers to vision.o(.data) for VS_data_cnt
    vision.o(.text) refers to vision.o(.bss) for VS_RxBuffer
    my_uart.o(.text) refers to drv_uart.o(.text) for DrvUart2SendBuf
    my_uart.o(.text) refers to my_uart.o(.data) for data_cnt
    my_uart.o(.text) refers to my_uart.o(.bss) for Openmv_Rxbuf
    niming_uppercomputer.o(.text) refers to drv_uart.o(.text) for DrvUart1SendBuf
[...]
    ..\\FcSrc\\ANO_DT_LX.c                   0x00000000   Number         0  ano_dt_lx.o ABSOLUTE
    ..\\FcSrc\\ANO_LX.c                      0x00000000   Number         0  ano_lx.o ABSOLUTE
    ..\\FcSrc\\Ano_Scheduler.c               0x00000000   Number         0  ano_scheduler.o ABSOLUTE
    ..\\FcSrc\\LX_FC_EXT_Sensor.c            0x00000000   Number         0  lx_fc_ext_sensor.o ABSOLUTE
    ..\\FcSrc\\LX_FC_Fun.c                   0x00000000   Number         0  lx_fc_fun.o ABSOLUTE
    ..\\FcSrc\\LX_FC_State.c                 0x00000000   Number         0  lx_fc_state.o ABSOLUTE
    ..\\FcSrc\\User_Task.c                   0x00000000   Number         0  user_task.o ABSOLUTE
    ..\\FcSrc\\get_data.c                    0x00000000   Number         0  get_data.o ABSOLUTE
    ..\\FcSrc\\main.c                        0x00000000   Number         0  main.o ABSOLUTE
    ..\\User\\Niming_UpperComputer.c         0x00000000   Number         0  niming_uppercomputer.o ABSOLUTE
    ..\\User\\computer.c                     0x00000000   Number         0  computer.o ABSOLUTE
    ..\\User\\my_uart.c                      0x00000000   Number         0  my_uart.o ABSOLUTE
    ..\\User\\vision.c                       0x00000000   Number         0  vision.o ABSOLUTE
    cdcmple.s                                0x00000000   Number         0  cdcmple.o ABSOLUTE
    cdrcmple.s                               0x00000000   Number         0  cdrcmple.o ABSOLUTE
    dc.s                                     0x00000000   Number         0  dc.o ABSOLUTE
    handlers.s                               0x00000000   Number         0  handlers.o ABSOLUTE
    init.s                                   0x00000000   Number         0  init.o ABSOLUTE
    RESET                                    0x08000000   Section      392  startup_stm32f4xx.o(RESET)
    .ARM.Collect$$$$00000000                 0x08000188   Section        0  entry.o(.ARM.Collect$$$$00000000)
    .ARM.Collect$$$$00000001                 0x08000188   Section        4  entry2.o(.ARM.Collect$$$$00000001)
    .ARM.Collect$$$$00000004                 0x0800018c   Section        4  entry5.o(.ARM.Collect$$$$00000004)
    .ARM.Collect$$$$00000008                 0x08000190   Section        0  entry7b.o(.ARM.Collect$$$$00000008)
    .ARM.Collect$$$$0000000A                 0x08000190   Section        0  entry8b.o(.ARM.Collect$$$$0000000A)
    .ARM.Collect$$$$0000000B                 0x08000190   Section        8  entry9a.o(.ARM.Collect$$$$0000000B)
    .ARM.Collect$$$$0000000D                 0x08000198   Section        0  entry10a.o(.ARM.Collect$$$$0000000D)
    .ARM.Collect$$$$0000000F                 0x08000198   Section        0  entry11a.o(.ARM.Collect$$$$0000000F)
    .ARM.Collect$$$$00002712                 0x08000198   Section        4  entry2.o(.ARM.Collect$$$$00002712)
    __lit__00000000                          0x08000198   Data           4  entry2.o(.ARM.Collect$$$$00002712)
    .text                                    0x0800019c   Section        0  main.o(.text)
    .text                                    0x080001b0   Section        0  ano_scheduler.o(.text)
    Loop_1000Hz                              0x080001b1   Thumb Code     8  ano_scheduler.o(.text)
    Loop_500Hz                               0x080001b9   Thumb Code     2  ano_scheduler.o(.text)
    Loop_200Hz                               0x080001bb   Thumb Code     2  ano_scheduler.o(.text)
    Loop_100Hz                               0x080001bd   Thumb Code     2  ano_scheduler.o(.text)
    Loop_50Hz                                0x080001bf   Thumb Code     8  ano_scheduler.o(.text)
    Loop_20Hz                                0x080001c7   Thumb Code     2  ano_scheduler.o(.text)
    Loop_2Hz                                 0x080001c9   Thumb Code     2  ano_scheduler.o(.text)
    .text                                    0x08000268   Section        0  user_task.o(.text)
    .text                                    0x080003d0   Section        0  ano_dt_lx.o(.text)
    ANO_DT_LX_Send_Data                      0x08000477   Thumb Code    16  ano_dt_lx.o(.text)
    ANO_DT_LX_Data_Receive_Anl               0x080004a1   Thumb Code   542  ano_dt_lx.o(.text)
    Add_Send_Data                            0x080007f9   Thumb Code   390  ano_dt_lx.o(.text)
    Frame_Send                               0x0800097f   Thumb Code   190  ano_dt_lx.o(.text)
    Check_To_Send                            0x08000a3d   Thumb Code   138  ano_dt_lx.o(.text)
    CK_Back_Check                            0x08000b21   Thumb Code    90  ano_dt_lx.o(.text)
    .text                                    0x08000ba4   Section        0  ano_lx.o(.text)
    RC_Data_Task                             0x08000ba5   Thumb Code   594  ano_lx.o(.text)
    ESC_Output                               0x08000df7   Thumb Code   364  ano_lx.o(.text)
    Bat_Voltage_Data_Handle                  0x08000f63   Thumb Code    28  ano_lx.o(.text)
    .text                                    0x08001088   Section        0  lx_fc_ext_sensor.o(.text)
    General_Velocity_Data_Handle             0x080010d7   Thumb Code   120  lx_fc_ext_sensor.o(.text)
    .text                                    0x0800116c   Section        0  lx_fc_fun.o(.text)
    .text                                    0x08001408   Section        0  lx_fc_state.o(.text)
    LX_Unlock_Lock_Check                     0x08001409   Thumb Code   438  lx_fc_state.o(.text)
    .text                                    0x0800168c   Section        0  get_data.o(.text)
    .text                                    0x08001854   Section        0  control.o(.text)
    .text                                    0x0800188c   Section        0  vision.o(.text)
    .text                                    0x08001a08   Section        0  drv_bsp.o(.text)
    rcSignalCheck                            0x08001d11   Thumb Code   168  drv_bsp.o(.text)
    .text                                    0x08001ee0   Section        0  ano_math.o(.text)
    .text                                    0x0800275c   Section        0  drv_anoof.o(.text)
    AnoOF_DataAnl                            0x08002811   Thumb Code   364  drv_anoof.o(.text)
    .text                                    0x08002a9c   Section        0  drv_ubloxgps.o(.text)
    .text                                    0x08002e44   Section        0  stm32f4xx_it.o(.text)
    .text                                    0x08002ec0   Section        0  drv_sys.o(.text)
    .text                                    0x08002fc8   Section        0  drv_adc.o(.text)
    initAdcDMA                               0x08002fc9   Thumb Code   108  drv_adc.o(.text)
    .text                                    0x0800315c   Section        0  drv_led.o(.text)
    .text                                    0x08003278   Section        0  drv_pwmout.o(.text)
    .text                                    0x080035f4   Section        0  drv_rcin.o(.text)
    .text                                    0x080037d8   Section        0  drv_timer.o(.text)
    .text                                    0x08003864   Section        0  drv_uart.o(.text)
    .text                                    0x080042b4   Section       36  startup_stm32f4xx.o(.text)
    $v0                                      0x080042b4   Number         0  startup_stm32f4xx.o(.text)
    .text                                    0x080042d8   Section        0  system_stm32f4xx.o(.text)
    SetSysClock                              0x080042d9   Thumb Code   220  system_stm32f4xx.o(.text)
    .text                                    0x080044e8   Section        0  misc.o(.text)
    .text                                    0x080046a8   Section        0  stm32f4xx_adc.o(.text)
    .text                                    0x08005684   Section        0  stm32f4xx_dma.o(.text)
    .text                                    0x080069ec   Section        0  stm32f4xx_exti.o(.text)
    .text                                    0x08006cc0   Section        0  stm32f4xx_gpio.o(.text)
    .text                                    0x08007588   Section        0  stm32f4xx_rcc.o(.text)
    .text                                    0x08008284   Section        0  stm32f4xx_tim.o(.text)
    TI4_Config                               0x08009efd   Thumb Code    80  stm32f4xx_tim.o(.text)
    TI3_Config                               0x08009fe1   Thumb Code    72  stm32f4xx_tim.o(.text)
    TI2_Config                               0x0800a09f   Thumb Code    80  stm32f4xx_tim.o(.text)
    TI1_Config                               0x0800a175   Thumb Code    58  stm32f4xx_tim.o(.text)
    .text                                    0x0800b470   Section        0  stm32f4xx_usart.o(.text)
    .text                                    0x0800c294   Section        0  dadd.o(.text)
    .text                                    0x0800c3e2   Section        0  dmul.o(.text)
    .text                                    0x0800c4c6   Section        0  ddiv.o(.text)
    .text                                    0x0800c5a4   Section        0  dflti.o(.text)
    .text                                    0x0800c5c8   Section       48  cdcmple.o(.text)
    .text                                    0x0800c5f8   Section       48  cdrcmple.o(.text)
    .text                                    0x0800c628   Section        0  d2f.o(.text)
    .text                                    0x0800c660   Section        0  llshl.o(.text)
    .text                                    0x0800c67e   Section        0  llsshr.o(.text)
    .text                                    0x0800c6a2   Section        0  iusefp.o(.text)
    .text                                    0x0800c6a2   Section        0  fepilogue.o(.text)
    .text                                    0x0800c710   Section        0  depilogue.o(.text)
    .text                                    0x0800c7cc   Section       36  init.o(.text)
    .text                                    0x0800c7f0   Section        0  llushr.o(.text)
    .text                                    0x0800c810   Section        0  __dczerorl2.o(.text)
    i.__scatterload_copy                     0x0800c866   Section       14  handlers.o(i.__scatterload_copy)
    i.__scatterload_null                     0x0800c874   Section        2  handlers.o(i.__scatterload_null)
    i.__scatterload_zeroinit                 0x0800c876   Section       14  handlers.o(i.__scatterload_zeroinit)
    .constdata                               0x0800c884   Section     1028  ano_math.o(.constdata)
    .conststring                             0x0800cc88   Section       72  misc.o(.conststring)
    .conststring                             0x0800ccd0   Section       81  stm32f4xx_adc.o(.conststring)
    .conststring                             0x0800cd24   Section       81  stm32f4xx_dma.o(.conststring)
    .conststring                             0x0800cd78   Section       82  stm32f4xx_exti.o(.conststring)
    .conststring                             0x0800cdcc   Section       82  stm32f4xx_gpio.o(.conststring)
    .conststring                             0x0800ce20   Section       81  stm32f4xx_rcc.o(.conststring)
    .conststring                             0x0800ce74   Section       81  stm32f4xx_tim.o(.conststring)
    .conststring                             0x0800cec8   Section       83  stm32f4xx_usart.o(.conststring)
    .data                                    0x20000000   Section       84  ano_scheduler.o(.data)
    sched_tasks                              0x20000000   Data          84  ano_scheduler.o(.data)
    .data                                    0x20000054   Section        2  user_task.o(.data)
    one_key_land_f                           0x20000054   Data           1  user_task.o(.data)
    one_key_mission_f                        0x20000055   Data           1  user_task.o(.data)
    .data                                    0x20000056   Section        6  ano_dt_lx.o(.data)
    DT_data_cnt                              0x20000056   Data           1  ano_dt_lx.o(.data)
    repeat_cnt                               0x20000057   Data           1  ano_dt_lx.o(.data)
    _data_len                                0x20000058   Data           1  ano_dt_lx.o(.data)
    _data_cnt                                0x20000059   Data           1  ano_dt_lx.o(.data)
    rxstate                                  0x2000005a   Data           1  ano_dt_lx.o(.data)
    time_dly                                 0x2000005b   Data           1  ano_dt_lx.o(.data)
    .data                                    0x2000005c   Section       32  ano_lx.o(.data)
    fail_safe_change_mod                     0x20000075   Data           1  ano_lx.o(.data)
    fail_safe_return_home                    0x20000076   Data           1  ano_lx.o(.data)
    esc_calibrated                           0x20000077   Data           1  ano_lx.o(.data)
    tmp_cnt                                  0x20000078   Data           4  ano_lx.o(.data)
    .data                                    0x2000007c   Section        4  lx_fc_ext_sensor.o(.data)
    of_update_cnt                            0x2000007c   Data           1  lx_fc_ext_sensor.o(.data)
    of_alt_update_cnt                        0x2000007d   Data           1  lx_fc_ext_sensor.o(.data)
    dT_ms                                    0x2000007e   Data           1  lx_fc_ext_sensor.o(.data)
    of_alt_update_cnt                        0x2000007f   Data           1  lx_fc_ext_sensor.o(.data)
    .data                                    0x20000080   Section        1  lx_fc_fun.o(.data)
    old_mode                                 0x20000080   Data           1  lx_fc_fun.o(.data)
    .data                                    0x20000082   Section        6  lx_fc_state.o(.data)
    time_dly_cnt_ms                          0x20000084   Data           2  lx_fc_state.o(.data)
    unlock_lock_flag                         0x20000086   Data           1  lx_fc_state.o(.data)
    cali_f                                   0x20000087   Data           1  lx_fc_state.o(.data)
    .data                                    0x20000088   Section       76  get_data.o(.data)
    .data                                    0x200000d4   Section       28  control.o(.data)
    .data                                    0x200000f0   Section        4  vision.o(.data)
    VS_data_cnt                              0x200000f0   Data           1  vision.o(.data)
    _data_len                                0x200000f1   Data           1  vision.o(.data)
    _data_cnt                                0x200000f2   Data           1  vision.o(.data)
    rxstate                                  0x200000f3   Data           1  vision.o(.data)
    .data                                    0x200000f4   Section       19  drv_bsp.o(.data)
    ch_sta                                   0x200000f4   Data           1  drv_bsp.o(.data)
    sbus_time                                0x200000f8   Data           8  drv_bsp.o(.data)
    cnt                                      0x20000100   Data           1  drv_bsp.o(.data)
    frame_cnt                                0x20000101   Data           1  drv_bsp.o(.data)
    cnt_tmp                                  0x20000102   Data           1  drv_bsp.o(.data)
    time_dly                                 0x20000104   Data           2  drv_bsp.o(.data)
    failsafe                                 0x20000106   Data           1  drv_bsp.o(.data)
    .data                                    0x20000107   Section        3  drv_anoof.o(.data)
    _data_len                                0x20000107   Data           1  drv_anoof.o(.data)
    _data_cnt                                0x20000108   Data           1  drv_anoof.o(.data)
    rxstate                                  0x20000109   Data           1  drv_anoof.o(.data)
    .data                                    0x2000010a   Section      182  drv_ubloxgps.o(.data)
    protocol_class                           0x200001b9   Data           1  drv_ubloxgps.o(.data)
    protocol_id                              0x200001ba   Data           1  drv_ubloxgps.o(.data)
    protocol_length_t                        0x200001bb   Data           1  drv_ubloxgps.o(.data)
    protocol_length                          0x200001bc   Data           2  drv_ubloxgps.o(.data)
    state                                    0x200001bf   Data           1  drv_ubloxgps.o(.data)
    .data                                    0x200001c0   Section        8  drv_sys.o(.data)
    SysRunTimeMs                             0x200001c0   Data           8  drv_sys.o(.data)
    .data                                    0x200001c8   Section       12  drv_led.o(.data)
    led_cnt                                  0x200001cc   Data           8  drv_led.o(.data)
    .data                                    0x200001d4   Section        4  drv_rcin.o(.data)
    temp_cnt                                 0x200001d4   Data           4  drv_rcin.o(.data)
    .data                                    0x200001d8   Section       20  drv_uart.o(.data)
    .data                                    0x200001ec   Section       20  system_stm32f4xx.o(.data)
    .data                                    0x20000200   Section       16  stm32f4xx_rcc.o(.data)
    APBAHBPrescTable                         0x20000200   Data          16  stm32f4xx_rcc.o(.data)
    .bss                                     0x20000210   Section     1872  ano_dt_lx.o(.bss)
    DT_RxBuffer                              0x20000860   Data         256  ano_dt_lx.o(.bss)
    .bss                                     0x20000960   Section       64  ano_lx.o(.bss)
    pwm                                      0x20000990   Data          16  ano_lx.o(.bss)
    .bss                                     0x200009a0   Section       48  lx_fc_ext_sensor.o(.bss)
    .bss                                     0x200009d0   Section       11  lx_fc_state.o(.bss)
    .bss                                     0x200009db   Section      256  vision.o(.bss)
    VS_RxBuffer                              0x200009db   Data         256  vision.o(.bss)
    .bss                                     0x20000adc   Section      107  drv_bsp.o(.bss)
    datatmp                                  0x20000b2e   Data          25  drv_bsp.o(.bss)
    .bss                                     0x20000b48   Section      124  drv_anoof.o(.bss)
    _datatemp                                0x20000b84   Data          50  drv_anoof.o(.bss)
    check_time_ms                            0x20000bb8   Data          12  drv_anoof.o(.bss)
    .bss                                     0x20000bc4   Section      100  drv_ubloxgps.o(.bss)
    .bss                                     0x20000c28   Section      100  drv_adc.o(.bss)
    .bss                                     0x20000c8c   Section     1780  drv_uart.o(.bss)
    STACK                                    0x20001380   Section     2048  startup_stm32f4xx.o(STACK)

    Global Symbols

    Symbol Name                              Value     Ov Type        Size  Object(Section)

    BuildAttributes$$THM_ISAv4$E$P$D$K$B$S$7EM$VFPi3$EXTD16$VFPS$VFMA$PE$A:L22UL41UL21$X:L11$S22US41US21$IEEE1$IW$USESV6$~STKCKD$USESV7$~SHL$OTIME$ROPI$EBA8$MICROLIB$REQ8$PRES8$EABIv2 0x00000000   Number         0  anon$$obj.o ABSOLUTE
    __ARM_use_no_argv                        0x00000000   Number         0  main.o ABSOLUTE
    __cpp_initialize__aeabi_                  - Undefined Weak Reference
    __cxa_finalize                            - Undefined Weak Reference
    _clock_init                               - Undefined Weak Reference
    _microlib_exit                            - Undefined Weak Reference
    __Vectors_Size                           0x00000188   Number         0  startup_stm32f4xx.o ABSOLUTE
    __Vectors                                0x08000000   Data           4  startup_stm32f4xx.o(RESET)
    __Vectors_End                            0x08000188   Data           0  startup_stm32f4xx.o(RESET)
    __main                                   0x08000189   Thumb Code     0  entry.o(.ARM.Collect$$$$00000000)
    _main_stk                                0x08000189   Thumb Code     0  entry2.o(.ARM.Collect$$$$00000001)
    _main_scatterload                        0x0800018d   Thumb Code     0  entry5.o(.ARM.Collect$$$$00000004)
    __main_after_scatterload                 0x08000191   Thumb Code     0  entry5.o(.ARM.Collect$$$$00000004)
    _main_clock                              0x08000191   Thumb Code     0  entry7b.o(.ARM.Collect$$$$00000008)
    _main_cpp_init                           0x08000191   Thumb Code     0  entry8b.o(.ARM.Collect$$$$0000000A)
    _main_init                               0x08000191   Thumb Code     0  entry9a.o(.ARM.Collect$$$$0000000B)
    __rt_final_cpp                           0x08000199   Thumb Code     0  entry10a.o(.ARM.Collect$$$$0000000D)
    __rt_final_exit                          0x08000199   Thumb Code     0  entry11a.o(.ARM.Collect$$$$0000000F)
    assert_failed                            0x0800019d   Thumb Code     4  main.o(.text)
    main                                     0x080001a1   Thumb Code    16  main.o(.text)
    Scheduler_Setup                          0x080001cb   Thumb Code    76  ano_scheduler.o(.text)
    Scheduler_Run                            0x08000217   Thumb Code    76  ano_scheduler.o(.text)
    UserTask_OneKeyCmd                       0x08000269   Thumb Code   332  user_task.o(.text)
    ANO_DT_Init                              0x080003d1   Thumb Code   166  ano_dt_lx.o(.text)
    CK_Back                                  0x08000487   Thumb Code    12  ano_dt_lx.o(.text)
    PAR_Back                                 0x08000493   Thumb Code    14  ano_dt_lx.o(.text)
    ANO_DT_LX_Data_Receive_Prepare           0x080006bf   Thumb Code   314  ano_dt_lx.o(.text)
    CMD_Send                                 0x08000ac7   Thumb Code    22  ano_dt_lx.o(.text)
    ANO_LX_Data_Exchange_Task                0x08000add   Thumb Code    68  ano_dt_lx.o(.text)
    ANO_LX_Task                              0x08000f7f   Thumb Code   256  ano_lx.o(.text)
    LX_FC_EXT_Sensor_Task                    0x08001089   Thumb Code    78  lx_fc_ext_sensor.o(.text)
    FC_Unlock                                0x0800116d   Thumb Code    56  lx_fc_fun.o(.text)
    FC_Lock                                  0x080011a5   Thumb Code    56  lx_fc_fun.o(.text)
    LX_Change_Mode                           0x080011dd   Thumb Code    80  lx_fc_fun.o(.text)
    OneKey_Return_Home                       0x0800122d   Thumb Code    50  lx_fc_fun.o(.text)
    OneKey_Takeoff                           0x0800125f   Thumb Code    66  lx_fc_fun.o(.text)
    OneKey_Land                              0x080012a1   Thumb Code    50  lx_fc_fun.o(.text)
    Horizontal_Move                          0x080012d3   Thumb Code    98  lx_fc_fun.o(.text)
    Horizontal_Calibrate                     0x08001335   Thumb Code    50  lx_fc_fun.o(.text)
    Mag_Calibrate                            0x08001367   Thumb Code    50  lx_fc_fun.o(.text)
    ACC_Calibrate                            0x08001399   Thumb Code    50  lx_fc_fun.o(.text)
    GYR_Calibrate                            0x080013cb   Thumb Code    50  lx_fc_fun.o(.text)
    LX_Cali_Trig_Check                       0x080015bf   Thumb Code   150  lx_fc_state.o(.text)
    LX_FC_State_Task                         0x08001655   Thumb Code    26  lx_fc_state.o(.text)
    get_data                                 0x0800168d   Thumb Code   354  get_data.o(.text)
    all_data_init                            0x08001855   Thumb Code     8  control.o(.text)
    User_Task_Delay                          0x0800185d   Thumb Code    38  control.o(.text)
    Vision_Recevier_anl                      0x0800188d   Thumb Code   102  vision.o(.text)
    Vision_GetByte                           0x080018f3   Thumb Code   258  vision.o(.text)
    DrvRcInputInit                           0x08001a09   Thumb Code    20  drv_bsp.o(.text)
    All_Init                                 0x08001a1d   Thumb Code   104  drv_bsp.o(.text)
    DrvPpmGetOneCh                           0x08001a85   Thumb Code    92  drv_bsp.o(.text)
    DrvSbusGetOneByte                        0x08001ae1   Thumb Code   560  drv_bsp.o(.text)
    DrvRcInputTask                           0x08001db9   Thumb Code   278  drv_bsp.o(.text)
    my_abs                                   0x08001ee1   Thumb Code    26  ano_math.o(.text)
    fast_atan2                               0x08001efb   Thumb Code   350  ano_math.o(.text)
    my_atan                                  0x08002059   Thumb Code    24  ano_math.o(.text)
    my_sqrt_reciprocal                       0x08002071   Thumb Code    76  ano_math.o(.text)
    my_sqrt                                  0x080020bd   Thumb Code    20  ano_math.o(.text)
    mx_sin                                   0x080020d1   Thumb Code   292  ano_math.o(.text)
    my_sin                                   0x080021f5   Thumb Code   108  ano_math.o(.text)
    my_cos                                   0x08002261   Thumb Code   136  ano_math.o(.text)
    my_deadzone                              0x080022e9   Thumb Code   152  ano_math.o(.text)
    my_deadzone_2                            0x08002381   Thumb Code    48  ano_math.o(.text)
    my_HPF                                   0x080023b1   Thumb Code   346  ano_math.o(.text)
    To_180_degrees_db                        0x0800250b   Thumb Code   108  ano_math.o(.text)
    length_limit                             0x08002577   Thumb Code   140  ano_math.o(.text)
    fifo                                     0x08002603   Thumb Code    42  ano_math.o(.text)
    rot_vec_2                                0x0800262d   Thumb Code    84  ano_math.o(.text)
    vec_2_cross_product                      0x08002681   Thumb Code    26  ano_math.o(.text)
    vec_2_dot_product                        0x0800269b   Thumb Code    26  ano_math.o(.text)
    vec_3_cross_product_err_sinx             0x080026b5   Thumb Code    86  ano_math.o(.text)
    vec_3_dot_product                        0x0800270b   Thumb Code    38  ano_math.o(.text)
    AnoOF_Check_State                        0x0800275d   Thumb Code   180  drv_anoof.o(.text)
    AnoOF_GetOneByte                         0x0800297d   Thumb Code   252  drv_anoof.o(.text)
    GPS_Data_Prepare_Task                    0x08002a9d   Thumb Code   306  drv_ubloxgps.o(.text)
    GPS_Rate_H                               0x08002bcf   Thumb Code    12  drv_ubloxgps.o(.text)
    GPS_Rate_L                               0x08002bdb   Thumb Code    12  drv_ubloxgps.o(.text)
    Init_GPS                                 0x08002be7   Thumb Code   196  drv_ubloxgps.o(.text)
    UBLOX_M8_GPS_Data_Receive                0x08002cab   Thumb Code   328  drv_ubloxgps.o(.text)
    NMI_Handler                              0x08002e45   Thumb Code     2  stm32f4xx_it.o(.text)
    MemManage_Handler                        0x08002e47   Thumb Code     4  stm32f4xx_it.o(.text)
    BusFault_Handler                         0x08002e4b   Thumb Code     4  stm32f4xx_it.o(.text)
    UsageFault_Handler                       0x08002e4f   Thumb Code     4  stm32f4xx_it.o(.text)
    SVC_Handler                              0x08002e53   Thumb Code     2  stm32f4xx_it.o(.text)
    DebugMon_Handler                         0x08002e55   Thumb Code     2  stm32f4xx_it.o(.text)
    EXTI9_5_IRQHandler                       0x08002e57   Thumb Code    18  stm32f4xx_it.o(.text)
    TIM3_IRQHandler                          0x08002e69   Thumb Code     8  stm32f4xx_it.o(.text)
    TIM4_IRQHandler                          0x08002e71   Thumb Code     2  stm32f4xx_it.o(.text)
    TIM7_IRQHandler                          0x08002e73   Thumb Code    26  stm32f4xx_it.o(.text)
    USART1_IRQHandler                        0x08002e8d   Thumb Code     8  stm32f4xx_it.o(.text)
    USART2_IRQHandler                        0x08002e95   Thumb Code     8  stm32f4xx_it.o(.text)
    USART3_IRQHandler                        0x08002e9d   Thumb Code     8  stm32f4xx_it.o(.text)
    UART4_IRQHandler                         0x08002ea5   Thumb Code     8  stm32f4xx_it.o(.text)
    UART5_IRQHandler                         0x08002ead   Thumb Code     8  stm32f4xx_it.o(.text)
    USART6_IRQHandler                        0x08002eb5   Thumb Code     8  stm32f4xx_it.o(.text)
    SysTick_Init                             0x08002ec1   Thumb Code   100  drv_sys.o(.text)
    SysTick_Handler                          0x08002f25   Thumb Code    20  drv_sys.o(.text)
    GetSysRunTimeMs                          0x08002f39   Thumb Code     6  drv_sys.o(.text)
    GetSysRunTimeUs                          0x08002f3f   Thumb Code    62  drv_sys.o(.text)
    MyDelayUs                                0x08002f7d   Thumb Code    24  drv_sys.o(.text)
    MyDelayMs                                0x08002f95   Thumb Code    24  drv_sys.o(.text)
    DrvSysInit                               0x08002fad   Thumb Code    16  drv_sys.o(.text)
    DrvAdcInit                               0x08003035   Thumb Code   168  drv_adc.o(.text)
    Drv_AdcGetBatVot                         0x080030dd   Thumb Code    92  drv_adc.o(.text)
    DvrLedInit                               0x0800315d   Thumb Code   112  drv_led.o(.text)
    LED_On_Off                               0x080031cd   Thumb Code    82  drv_led.o(.text)
    LED_1ms_DRV                              0x0800321f   Thumb Code    78  drv_led.o(.text)
    DrvPwmOutInit                            0x08003279   Thumb Code   742  drv_pwmout.o(.text)
    DrvMotorPWMSet                           0x0800355f   Thumb Code   112  drv_pwmout.o(.text)
    DrvRcPpmInit                             0x080035f5   Thumb Code   176  drv_rcin.o(.text)
    PPM_IRQH                                 0x080036a5   Thumb Code    82  drv_rcin.o(.text)
    DrvRcSbusInit                            0x080036f7   Thumb Code   166  drv_rcin.o(.text)
    Sbus_IRQH                                0x0800379d   Thumb Code    40  drv_rcin.o(.text)
    TIM_CONF                                 0x080037d9   Thumb Code    80  drv_timer.o(.text)
    TIM_NVIC                                 0x08003829   Thumb Code    32  drv_timer.o(.text)
    DrvTimerFcInit                           0x08003849   Thumb Code    24  drv_timer.o(.text)
    NoUse                                    0x08003865   Thumb Code     2  drv_uart.o(.text)
    DrvUart1Init                             0x08003867   Thumb Code   246  drv_uart.o(.text)
    DrvUart1SendBuf                          0x0800395d   Thumb Code    60  drv_uart.o(.text)
    drvU1GetByte                             0x08003999   Thumb Code    32  drv_uart.o(.text)
    drvU1DataCheck                           0x080039b9   Thumb Code    52  drv_uart.o(.text)
    Usart1_IRQ                               0x080039ed   Thumb Code   110  drv_uart.o(.text)
    DrvUart2Init                             0x08003a5b   Thumb Code   234  drv_uart.o(.text)
    DrvUart2SendBuf                          0x08003b45   Thumb Code    62  drv_uart.o(.text)
    drvU2GetByte                             0x08003b83   Thumb Code    32  drv_uart.o(.text)
    drvU2DataCheck                           0x08003ba3   Thumb Code    52  drv_uart.o(.text)
    Usart2_IRQ                               0x08003bd7   Thumb Code   120  drv_uart.o(.text)
    DrvUart3Init                             0x08003c4f   Thumb Code   312  drv_uart.o(.text)
    DrvUart3SendBuf                          0x08003d87   Thumb Code    62  drv_uart.o(.text)
    drvU3GetByte                             0x08003dc5   Thumb Code    32  drv_uart.o(.text)
    drvU3DataCheck                           0x08003de5   Thumb Code    52  drv_uart.o(.text)
    Usart3_IRQ                               0x08003e19   Thumb Code   120  drv_uart.o(.text)
    DrvUart4Init                             0x08003e91   Thumb Code   200  drv_uart.o(.text)
    DrvUart4SendBuf                          0x08003f59   Thumb Code    62  drv_uart.o(.text)
    drvU4GetByte                             0x08003f97   Thumb Code    32  drv_uart.o(.text)
    drvU4DataCheck                           0x08003fb7   Thumb Code    52  drv_uart.o(.text)
    Uart4_IRQ                                0x08003feb   Thumb Code   120  drv_uart.o(.text)
    DrvUart5Init                             0x08004063   Thumb Code   288  drv_uart.o(.text)
    DrvUart5SendBuf                          0x08004183   Thumb Code    60  drv_uart.o(.text)
    drvU5GetByte                             0x080041bf   Thumb Code    32  drv_uart.o(.text)
    drvU5DataCheck                           0x080041df   Thumb Code    52  drv_uart.o(.text)
    Uart5_IRQ                                0x08004213   Thumb Code   110  drv_uart.o(.text)
    DrvUartDataCheck                         0x08004281   Thumb Code    24  drv_uart.o(.text)
    Reset_Handler                            0x080042b5   Thumb Code     8  startup_stm32f4xx.o(.text)
    HardFault_Handler                        0x080042bf   Thumb Code     2  startup_stm32f4xx.o(.text)
    PendSV_Handler                           0x080042cb   Thumb Code     2  startup_stm32f4xx.o(.text)
    ADC_IRQHandler                           0x080042cf   Thumb Code     0  startup_stm32f4xx.o(.text)
    CAN1_RX0_IRQHandler                      0x080042cf   Thumb Code     0  startup_stm32f4xx.o(.text)
    CAN1_RX1_IRQHandler                      0x080042cf   Thumb Code     0  startup_stm32f4xx.o(.text)
    CAN1_SCE_IRQHandler                      0x080042cf   Thumb Code     0  startup_stm32f4xx.o(.text)
    CAN1_TX_IRQHandler                       0x080042cf   Thumb Code     0  startup_stm32f4xx.o(.text)
    CAN2_RX0_IRQHandler                      0x080042cf   Thumb Code     0  startup_stm32f4xx.o(.text)
    CAN2_RX1_IRQHandler                      0x080042cf   Thumb Code     0  startup_stm32f4xx.o(.text)
    CAN2_SCE_IRQHandler                      0x080042cf   Thumb Code     0  startup_stm32f4xx.o(.text)
    CAN2_TX_IRQHandler                       0x080042cf   Thumb Code     0  startup_stm32f4xx.o(.text)
    CRYP_IRQHandler                          0x080042cf   Thumb Code     0  startup_stm32f4xx.o(.text)
    DCMI_IRQHandler                          0x080042cf   Thumb Code     0  startup_stm32f4xx.o(.text)
    DMA1_Stream0_IRQHandler                  0x080042cf   Thumb Code     0  startup_stm32f4xx.o(.text)
    DMA1_Stream1_IRQHandler                  0x080042cf   Thumb Code     0  startup_stm32f4xx.o(.text)
    DMA1_Stream2_IRQHandler                  0x080042cf   Thumb Code     0  startup_stm32f4xx.o(.text)
    DMA1_Stream3_IRQHandler                  0x080042cf   Thumb Code     0  startup_stm32f4xx.o(.text)
    DMA1_Stream4_IRQHandler                  0x080042cf   Thumb Code     0  startup_stm32f4xx.o(.text)
    DMA1_Stream5_IRQHandler                  0x080042cf   Thumb Code     0  startup_stm32f4xx.o(.text)
    DMA1_Stream6_IRQHandler                  0x080042cf   Thumb Code     0  startup_stm32f4xx.o(.text)
    DMA1_Stream7_IRQHandler                  0x080042cf   Thumb Code     0  startup_stm32f4xx.o(.text)
    DMA2_Stream0_IRQHandler                  0x080042cf   Thumb Code     0  startup_stm32f4xx.o(.text)
    DMA2_Stream1_IRQHandler                  0x080042cf   Thumb Code     0  startup_stm32f4xx.o(.text)
    DMA2_Stream2_IRQHandler                  0x080042cf   Thumb Code     0  startup_stm32f4xx.o(.text)
    DMA2_Stream3_IRQHandler                  0x080042cf   Thumb Code     0  startup_stm32f4xx.o(.text)
    DMA2_Stream4_IRQHandler                  0x080042cf   Thumb Code     0  startup_stm32f4xx.o(.text)
    DMA2_Stream5_IRQHandler                  0x080042cf   Thumb Code     0  startup_stm32f4xx.o(.text)
    DMA2_Stream6_IRQHandler                  0x080042cf   Thumb Code     0  startup_stm32f4xx.o(.text)
    DMA2_Stream7_IRQHandler                  0x080042cf   Thumb Code     0  startup_stm32f4xx.o(.text)
    ETH_IRQHandler                           0x080042cf   Thumb Code     0  startup_stm32f4xx.o(.text)
    ETH_WKUP_IRQHandler                      0x080042cf   Thumb Code     0  startup_stm32f4xx.o(.text)
    EXTI0_IRQHandler                         0x080042cf   Thumb Code     0  startup_stm32f4xx.o(.text)
    EXTI15_10_IRQHandler                     0x080042cf   Thumb Code     0  startup_stm32f4xx.o(.text)
    EXTI1_IRQHandler                         0x080042cf   Thumb Code     0  startup_stm32f4xx.o(.text)
    EXTI2_IRQHandler                         0x080042cf   Thumb Code     0  startup_stm32f4xx.o(.text)
    EXTI3_IRQHandler                         0x080042cf   Thumb Code     0  startup_stm32f4xx.o(.text)
    EXTI4_IRQHandler                         0x080042cf   Thumb Code     0  startup_stm32f4xx.o(.text)
    FLASH_IRQHandler                         0x080042cf   Thumb Code     0  startup_stm32f4xx.o(.text)
    FPU_IRQHandler                           0x080042cf   Thumb Code     0  startup_stm32f4xx.o(.text)
    FSMC_IRQHandler                          0x080042cf   Thumb Code     0  startup_stm32f4xx.o(.text)
    HASH_RNG_IRQHandler                      0x080042cf   Thumb Code     0  startup_stm32f4xx.o(.text)
    I2C1_ER_IRQHandler                       0x080042cf   Thumb Code     0  startup_stm32f4xx.o(.text)
    I2C1_EV_IRQHandler                       0x080042cf   Thumb Code     0  startup_stm32f4xx.o(.text)
    I2C2_ER_IRQHandler                       0x080042cf   Thumb Code     0  startup_stm32f4xx.o(.text)
    I2C2_EV_IRQHandler                       0x080042cf   Thumb Code     0  startup_stm32f4xx.o(.text)
    I2C3_ER_IRQHandler                       0x080042cf   Thumb Code     0  startup_stm32f4xx.o(.text)
    I2C3_EV_IRQHandler                       0x080042cf   Thumb Code     0  startup_stm32f4xx.o(.text)
    OTG_FS_IRQHandler                        0x080042cf   Thumb Code     0  startup_stm32f4xx.o(.text)
    OTG_FS_WKUP_IRQHandler                   0x080042cf   Thumb Code     0  startup_stm32f4xx.o(.text)
    OTG_HS_EP1_IN_IRQHandler                 0x080042cf   Thumb Code     0  startup_stm32f4xx.o(.text)
    OTG_HS_EP1_OUT_IRQHandler                0x080042cf   Thumb Code     0  startup_stm32f4xx.o(.text)
    OTG_HS_IRQHandler                        0x080042cf   Thumb Code     0  startup_stm32f4xx.o(.text)
    OTG_HS_WKUP_IRQHandler                   0x080042cf   Thumb Code     0  startup_stm32f4xx.o(.text)
    PVD_IRQHandler                           0x080042cf   Thumb Code     0  startup_stm32f4xx.o(.text)
    RCC_IRQHandler                           0x080042cf   Thumb Code     0  startup_stm32f4xx.o(.text)
    RTC_Alarm_IRQHandler                     0x080042cf   Thumb Code     0  startup_stm32f4xx.o(.text)
    RTC_WKUP_IRQHandler                      0x080042cf   Thumb Code     0  startup_stm32f4xx.o(.text)
    SDIO_IRQHandler                          0x080042cf   Thumb Code     0  startup_stm32f4xx.o(.text)
    SPI1_IRQHandler                          0x080042cf   Thumb Code     0  startup_stm32f4xx.o(.text)
    SPI2_IRQHandler                          0x080042cf   Thumb Code     0  startup_stm32f4xx.o(.text)
    SPI3_IRQHandler                          0x080042cf   Thumb Code     0  startup_stm32f4xx.o(.text)
    TAMP_STAMP_IRQHandler                    0x080042cf   Thumb Code     0  startup_stm32f4xx.o(.text)
    TIM1_BRK_TIM9_IRQHandler                 0x080042cf   Thumb Code     0  startup_stm32f4xx.o(.text)
    TIM1_CC_IRQHandler                       0x080042cf   Thumb Code     0  startup_stm32f4xx.o(.text)
    TIM1_TRG_COM_TIM11_IRQHandler            0x080042cf   Thumb Code     0  startup_stm32f4xx.o(.text)
    TIM1_UP_TIM10_IRQHandler                 0x080042cf   Thumb Code     0  startup_stm32f4xx.o(.text)
    TIM2_IRQHandler                          0x080042cf   Thumb Code     0  startup_stm32f4xx.o(.text)
    TIM5_IRQHandler                          0x080042cf   Thumb Code     0  startup_stm32f4xx.o(.text)
    TIM6_DAC_IRQHandler                      0x080042cf   Thumb Code     0  startup_stm32f4xx.o(.text)
    TIM8_BRK_TIM12_IRQHandler                0x080042cf   Thumb Code     0  startup_stm32f4xx.o(.text)
    TIM8_CC_IRQHandler                       0x080042cf   Thumb Code     0  startup_stm32f4xx.o(.text)
    TIM8_TRG_COM_TIM14_IRQHandler            0x080042cf   Thumb Code     0  startup_stm32f4xx.o(.text)
    TIM8_UP_TIM13_IRQHandler                 0x080042cf   Thumb Code     0  startup_stm32f4xx.o(.text)
    WWDG_IRQHandler                          0x080042cf   Thumb Code     0  startup_stm32f4xx.o(.text)
    SystemInit                               0x080043b5   Thumb Code    88  system_stm32f4xx.o(.text)
    SystemCoreClockUpdate                    0x0800440d   Thumb Code   174  system_stm32f4xx.o(.text)
    NVIC_PriorityGroupConfig                 0x080044e9   Thumb Code    54  misc.o(.text)
    NVIC_Init                                0x0800451f   Thumb Code   164  misc.o(.text)
    NVIC_SetVectorTable                      0x080045c3   Thumb Code    60  misc.o(.text)
    NVIC_SystemLPConfig                      0x080045ff   Thumb Code    78  misc.o(.text)
    SysTick_CLKSourceConfig                  0x0800464d   Thumb Code    62  misc.o(.text)
    ADC_DeInit                               0x080046a9   Thumb Code    22  stm32f4xx_adc.o(.text)
    ADC_Init                                 0x080046bf   Thumb Code   402  stm32f4xx_adc.o(.text)
    ADC_StructInit                           0x08004851   Thumb Code    20  stm32f4xx_adc.o(.text)
    ADC_CommonInit                           0x08004865   Thumb Code   342  stm32f4xx_adc.o(.text)
    ADC_CommonStructInit                     0x080049bb   Thumb Code    12  stm32f4xx_adc.o(.text)
    ADC_Cmd                                  0x080049c7   Thumb Code    76  stm32f4xx_adc.o(.text)
    ADC_AnalogWatchdogCmd                    0x08004a13   Thumb Code   102  stm32f4xx_adc.o(.text)
    ADC_AnalogWatchdogThresholdsConfig       0x08004a79   Thumb Code   126  stm32f4xx_adc.o(.text)
    ADC_AnalogWatchdogSingleChannelConfig    0x08004af7   Thumb Code   136  stm32f4xx_adc.o(.text)
    ADC_TempSensorVrefintCmd                 0x08004b7f   Thumb Code    56  stm32f4xx_adc.o(.text)
    ADC_VBATCmd                              0x08004bb7   Thumb Code    56  stm32f4xx_adc.o(.text)
    ADC_RegularChannelConfig                 0x08004bef   Thumb Code   408  stm32f4xx_adc.o(.text)
    ADC_SoftwareStartConv                    0x08004d87   Thumb Code    44  stm32f4xx_adc.o(.text)
    ADC_GetSoftwareStartConvStatus           0x08004db3   Thumb Code    54  stm32f4xx_adc.o(.text)
    ADC_EOCOnEachRegularChannelCmd           0x08004de9   Thumb Code    76  stm32f4xx_adc.o(.text)
    ADC_ContinuousModeCmd                    0x08004e35   Thumb Code    76  stm32f4xx_adc.o(.text)
    ADC_DiscModeChannelCountConfig           0x08004e81   Thumb Code   100  stm32f4xx_adc.o(.text)
    ADC_DiscModeCmd                          0x08004ee5   Thumb Code    76  stm32f4xx_adc.o(.text)
    ADC_GetConversionValue                   0x08004f31   Thumb Code    40  stm32f4xx_adc.o(.text)
    ADC_GetMultiModeConversionValue          0x08004f59   Thumb Code     6  stm32f4xx_adc.o(.text)
    ADC_DMACmd                               0x08004f5f   Thumb Code    76  stm32f4xx_adc.o(.text)
    ADC_DMARequestAfterLastTransferCmd       0x08004fab   Thumb Code    76  stm32f4xx_adc.o(.text)
    ADC_MultiModeDMARequestAfterLastTransferCmd 0x08004ff7   Thumb Code    60  stm32f4xx_adc.o(.text)
    ADC_InjectedChannelConfig                0x08005033   Thumb Code   332  stm32f4xx_adc.o(.text)
    ADC_InjectedSequencerLengthConfig        0x0800517f   Thumb Code    80  stm32f4xx_adc.o(.text)
    ADC_SetInjectedOffset                    0x080051cf   Thumb Code   102  stm32f4xx_adc.o(.text)
    ADC_ExternalTrigInjectedConvConfig       0x08005235   Thumb Code   176  stm32f4xx_adc.o(.text)
    ADC_ExternalTrigInjectedConvEdgeConfig   0x080052e5   Thumb Code    82  stm32f4xx_adc.o(.text)
    ADC_SoftwareStartInjectedConv            0x08005337   Thumb Code    44  stm32f4xx_adc.o(.text)
    ADC_GetSoftwareStartInjectedConvCmdStatus 0x08005363   Thumb Code    54  stm32f4xx_adc.o(.text)
    ADC_AutoInjectedConvCmd                  0x08005399   Thumb Code    76  stm32f4xx_adc.o(.text)
    ADC_InjectedDiscModeCmd                  0x080053e5   Thumb Code    76  stm32f4xx_adc.o(.text)
    ADC_GetInjectedConversionValue           0x08005431   Thumb Code    88  stm32f4xx_adc.o(.text)
    ADC_ITConfig                             0x08005489   Thumb Code   130  stm32f4xx_adc.o(.text)
    ADC_GetFlagStatus                        0x0800550b   Thumb Code    90  stm32f4xx_adc.o(.text)
    ADC_ClearFlag                            0x08005565   Thumb Code    62  stm32f4xx_adc.o(.text)
    ADC_GetITStatus                          0x080055a3   Thumb Code   122  stm32f4xx_adc.o(.text)
    ADC_ClearITPendingBit                    0x0800561d   Thumb Code    88  stm32f4xx_adc.o(.text)
    DMA_DeInit                               0x08005685   Thumb Code   462  stm32f4xx_dma.o(.text)
    DMA_Init                                 0x08005853   Thumb Code   684  stm32f4xx_dma.o(.text)
    DMA_StructInit                           0x08005aff   Thumb Code    34  stm32f4xx_dma.o(.text)
    DMA_Cmd                                  0x08005b21   Thumb Code   182  stm32f4xx_dma.o(.text)
    DMA_PeriphIncOffsetSizeConfig            0x08005bd7   Thumb Code   184  stm32f4xx_dma.o(.text)
    DMA_FlowControllerConfig                 0x08005c8f   Thumb Code   182  stm32f4xx_dma.o(.text)
    DMA_SetCurrDataCounter                   0x08005d45   Thumb Code   146  stm32f4xx_dma.o(.text)
    DMA_GetCurrDataCounter                   0x08005dd7   Thumb Code   146  stm32f4xx_dma.o(.text)
    DMA_DoubleBufferModeConfig               0x08005e69   Thumb Code   204  stm32f4xx_dma.o(.text)
    DMA_DoubleBufferModeCmd                  0x08005f35   Thumb Code   182  stm32f4xx_dma.o(.text)
    DMA_MemoryTargetConfig                   0x08005feb   Thumb Code   174  stm32f4xx_dma.o(.text)
    DMA_GetCurrentMemoryTarget               0x08006099   Thumb Code   160  stm32f4xx_dma.o(.text)
    DMA_GetCmdStatus                         0x08006139   Thumb Code   160  stm32f4xx_dma.o(.text)
    DMA_GetFIFOStatus                        0x080061d9   Thumb Code   152  stm32f4xx_dma.o(.text)
    DMA_GetFlagStatus                        0x08006271   Thumb Code   486  stm32f4xx_dma.o(.text)
    DMA_ClearFlag                            0x08006457   Thumb Code   216  stm32f4xx_dma.o(.text)
    DMA_ITConfig                             0x0800652f   Thumb Code   238  stm32f4xx_dma.o(.text)
    DMA_GetITStatus                          0x0800661d   Thumb Code   590  stm32f4xx_dma.o(.text)
    DMA_ClearITPendingBit                    0x0800686b   Thumb Code   216  stm32f4xx_dma.o(.text)
    EXTI_DeInit                              0x080069ed   Thumb Code    28  stm32f4xx_exti.o(.text)
    EXTI_Init                                0x08006a09   Thumb Code   236  stm32f4xx_exti.o(.text)
    EXTI_StructInit                          0x08006af5   Thumb Code    16  stm32f4xx_exti.o(.text)
    EXTI_GenerateSWInterrupt                 0x08006b05   Thumb Code    38  stm32f4xx_exti.o(.text)
    EXTI_GetFlagStatus                       0x08006b2b   Thumb Code   158  stm32f4xx_exti.o(.text)
    EXTI_ClearFlag                           0x08006bc9   Thumb Code    30  stm32f4xx_exti.o(.text)
    EXTI_GetITStatus                         0x08006be7   Thumb Code   172  stm32f4xx_exti.o(.text)
    EXTI_ClearITPendingBit                   0x08006c93   Thumb Code    32  stm32f4xx_exti.o(.text)
    GPIO_DeInit                              0x08006cc1   Thumb Code   284  stm32f4xx_gpio.o(.text)
    GPIO_Init                                0x08006ddd   Thumb Code   342  stm32f4xx_gpio.o(.text)
    GPIO_StructInit                          0x08006f33   Thumb Code    18  stm32f4xx_gpio.o(.text)
    GPIO_PinLockConfig                       0x08006f45   Thumb Code   122  stm32f4xx_gpio.o(.text)
    GPIO_ReadInputDataBit                    0x08006fbf   Thumb Code   182  stm32f4xx_gpio.o(.text)
    GPIO_ReadInputData                       0x08007075   Thumb Code   116  stm32f4xx_gpio.o(.text)
    GPIO_ReadOutputDataBit                   0x080070e9   Thumb Code   182  stm32f4xx_gpio.o(.text)
    GPIO_ReadOutputData                      0x0800719f   Thumb Code    76  stm32f4xx_gpio.o(.text)
    GPIO_SetBits                             0x080071eb   Thumb Code    94  stm32f4xx_gpio.o(.text)
    GPIO_ResetBits                           0x08007249   Thumb Code    94  stm32f4xx_gpio.o(.text)
    GPIO_WriteBit                            0x080072a7   Thumb Code   194  stm32f4xx_gpio.o(.text)
    GPIO_Write                               0x08007369   Thumb Code    76  stm32f4xx_gpio.o(.text)
    GPIO_ToggleBits                          0x080073b5   Thumb Code    80  stm32f4xx_gpio.o(.text)
    GPIO_PinAFConfig                         0x08007405   Thumb Code   382  stm32f4xx_gpio.o(.text)
    RCC_DeInit                               0x08007589   Thumb Code    60  stm32f4xx_rcc.o(.text)
    RCC_HSEConfig                            0x080075c5   Thumb Code    38  stm32f4xx_rcc.o(.text)
    RCC_GetFlagStatus                        0x080075eb   Thumb Code   130  stm32f4xx_rcc.o(.text)
    RCC_WaitForHSEStartUp                    0x0800766d   Thumb Code    56  stm32f4xx_rcc.o(.text)
    RCC_AdjustHSICalibrationValue            0x080076a5   Thumb Code    38  stm32f4xx_rcc.o(.text)
    RCC_HSICmd                               0x080076cb   Thumb Code    28  stm32f4xx_rcc.o(.text)
    RCC_LSEConfig                            0x080076e7   Thumb Code    72  stm32f4xx_rcc.o(.text)
    RCC_LSICmd                               0x0800772f   Thumb Code    28  stm32f4xx_rcc.o(.text)
    RCC_PLLConfig                            0x0800774b   Thumb Code   156  stm32f4xx_rcc.o(.text)
    RCC_PLLCmd                               0x080077e7   Thumb Code    28  stm32f4xx_rcc.o(.text)
    RCC_PLLI2SConfig                         0x08007803   Thumb Code    62  stm32f4xx_rcc.o(.text)
    RCC_PLLI2SCmd                            0x08007841   Thumb Code    28  stm32f4xx_rcc.o(.text)
    RCC_ClockSecuritySystemCmd               0x0800785d   Thumb Code    28  stm32f4xx_rcc.o(.text)
    RCC_MCO1Config                           0x08007879   Thumb Code   102  stm32f4xx_rcc.o(.text)
    RCC_MCO2Config                           0x080078df   Thumb Code   102  stm32f4xx_rcc.o(.text)
    RCC_SYSCLKConfig                         0x08007945   Thumb Code    68  stm32f4xx_rcc.o(.text)
    RCC_GetSYSCLKSource                      0x08007989   Thumb Code    10  stm32f4xx_rcc.o(.text)
    RCC_HCLKConfig                           0x08007993   Thumb Code    66  stm32f4xx_rcc.o(.text)
    RCC_PCLK1Config                          0x080079d5   Thumb Code    58  stm32f4xx_rcc.o(.text)
    RCC_PCLK2Config                          0x08007a0f   Thumb Code    60  stm32f4xx_rcc.o(.text)
    RCC_GetClocksFreq                        0x08007a4b   Thumb Code   214  stm32f4xx_rcc.o(.text)
    RCC_RTCCLKConfig                         0x08007b21   Thumb Code   260  stm32f4xx_rcc.o(.text)
    RCC_RTCCLKCmd                            0x08007c25   Thumb Code    28  stm32f4xx_rcc.o(.text)
    RCC_BackupResetCmd                       0x08007c41   Thumb Code    30  stm32f4xx_rcc.o(.text)
    RCC_I2SCLKConfig                         0x08007c5f   Thumb Code    28  stm32f4xx_rcc.o(.text)
    RCC_AHB1PeriphClockCmd                   0x08007c7b   Thumb Code    78  stm32f4xx_rcc.o(.text)
    RCC_AHB2PeriphClockCmd                   0x08007cc9   Thumb Code    78  stm32f4xx_rcc.o(.text)
    RCC_AHB3PeriphClockCmd                   0x08007d17   Thumb Code   234  stm32f4xx_rcc.o(.text)
    RCC_APB1PeriphClockCmd                   0x08007e01   Thumb Code    70  stm32f4xx_rcc.o(.text)
    RCC_APB2PeriphClockCmd                   0x08007e47   Thumb Code    78  stm32f4xx_rcc.o(.text)
    RCC_AHB1PeriphResetCmd                   0x08007e95   Thumb Code    78  stm32f4xx_rcc.o(.text)
    RCC_AHB2PeriphResetCmd                   0x08007ee3   Thumb Code    78  stm32f4xx_rcc.o(.text)
    RCC_AHB3PeriphResetCmd                   0x08007f31   Thumb Code    78  stm32f4xx_rcc.o(.text)
    RCC_APB1PeriphResetCmd                   0x08007f7f   Thumb Code    78  stm32f4xx_rcc.o(.text)
    RCC_APB2PeriphResetCmd                   0x08007fcd   Thumb Code    78  stm32f4xx_rcc.o(.text)
    RCC_AHB1PeriphClockLPModeCmd             0x0800801b   Thumb Code    78  stm32f4xx_rcc.o(.text)
    RCC_AHB2PeriphClockLPModeCmd             0x08008069   Thumb Code    78  stm32f4xx_rcc.o(.text)
    RCC_AHB3PeriphClockLPModeCmd             0x080080b7   Thumb Code    78  stm32f4xx_rcc.o(.text)
    RCC_APB1PeriphClockLPModeCmd             0x08008105   Thumb Code    78  stm32f4xx_rcc.o(.text)
    RCC_APB2PeriphClockLPModeCmd             0x08008153   Thumb Code    78  stm32f4xx_rcc.o(.text)
    RCC_ITConfig                             0x080081a1   Thumb Code   108  stm32f4xx_rcc.o(.text)
    RCC_ClearFlag                            0x0800820d   Thumb Code    14  stm32f4xx_rcc.o(.text)
    RCC_GetITStatus                          0x0800821b   Thumb Code    66  stm32f4xx_rcc.o(.text)
    RCC_ClearITPendingBit                    0x0800825d   Thumb Code    32  stm32f4xx_rcc.o(.text)
    TIM_DeInit                               0x08008285   Thumb Code   440  stm32f4xx_tim.o(.text)
    TIM_TimeBaseInit                         0x0800843d   Thumb Code   278  stm32f4xx_tim.o(.text)
    TIM_TimeBaseStructInit                   0x08008553   Thumb Code    18  stm32f4xx_tim.o(.text)
    TIM_PrescalerConfig                      0x08008565   Thumb Code   128  stm32f4xx_tim.o(.text)
    TIM_CounterModeConfig                    0x080085e5   Thumb Code   100  stm32f4xx_tim.o(.text)
    TIM_SetCounter                           0x08008649   Thumb Code   164  stm32f4xx_tim.o(.text)
    TIM_SetAutoreload                        0x080086ed   Thumb Code   106  stm32f4xx_tim.o(.text)
    TIM_GetCounter                           0x08008757   Thumb Code   104  stm32f4xx_tim.o(.text)
    TIM_GetPrescaler                         0x080087bf   Thumb Code   104  stm32f4xx_tim.o(.text)
    TIM_UpdateDisableConfig                  0x08008827   Thumb Code   144  stm32f4xx_tim.o(.text)
    TIM_UpdateRequestConfig                  0x080088b7   Thumb Code   144  stm32f4xx_tim.o(.text)
    TIM_ARRPreloadConfig                     0x08008947   Thumb Code   144  stm32f4xx_tim.o(.text)
    TIM_SelectOnePulseMode                   0x080089d7   Thumb Code   138  stm32f4xx_tim.o(.text)
    TIM_SetClockDivision                     0x08008a61   Thumb Code   190  stm32f4xx_tim.o(.text)
    TIM_Cmd                                  0x08008b1f   Thumb Code   144  stm32f4xx_tim.o(.text)
    TIM_OC1Init                              0x08008baf   Thumb Code   400  stm32f4xx_tim.o(.text)
    TIM_OC2Init                              0x08008d3f   Thumb Code   474  stm32f4xx_tim.o(.text)
    TIM_OC3Init                              0x08008f19   Thumb Code   400  stm32f4xx_tim.o(.text)
    TIM_OC4Init                              0x080090a9   Thumb Code   290  stm32f4xx_tim.o(.text)
    TIM_OCStructInit                         0x080091cb   Thumb Code    20  stm32f4xx_tim.o(.text)
    TIM_SelectOCxM                           0x080091df   Thumb Code   250  stm32f4xx_tim.o(.text)
    TIM_SetCompare1                          0x080092d9   Thumb Code   144  stm32f4xx_tim.o(.text)
    TIM_SetCompare2                          0x08009369   Thumb Code    70  stm32f4xx_tim.o(.text)
    TIM_SetCompare3                          0x080093af   Thumb Code    58  stm32f4xx_tim.o(.text)
    TIM_SetCompare4                          0x080093e9   Thumb Code    58  stm32f4xx_tim.o(.text)
    TIM_ForcedOC1Config                      0x08009423   Thumb Code   126  stm32f4xx_tim.o(.text)
    TIM_ForcedOC2Config                      0x080094a1   Thumb Code   110  stm32f4xx_tim.o(.text)
    TIM_ForcedOC3Config                      0x0800950f   Thumb Code    90  stm32f4xx_tim.o(.text)
    TIM_ForcedOC4Config                      0x08009569   Thumb Code    98  stm32f4xx_tim.o(.text)
    TIM_OC1PreloadConfig                     0x080095cb   Thumb Code   124  stm32f4xx_tim.o(.text)
    TIM_OC2PreloadConfig                     0x08009647   Thumb Code   108  stm32f4xx_tim.o(.text)
    TIM_OC3PreloadConfig                     0x080096b3   Thumb Code    88  stm32f4xx_tim.o(.text)
    TIM_OC4PreloadConfig                     0x0800970b   Thumb Code   146  stm32f4xx_tim.o(.text)
    TIM_OC1FastConfig                        0x0800979d   Thumb Code   124  stm32f4xx_tim.o(.text)
    TIM_OC2FastConfig                        0x08009819   Thumb Code   108  stm32f4xx_tim.o(.text)
    TIM_OC3FastConfig                        0x08009885   Thumb Code    88  stm32f4xx_tim.o(.text)
    TIM_OC4FastConfig                        0x080098dd   Thumb Code    96  stm32f4xx_tim.o(.text)
    TIM_ClearOC1Ref                          0x0800993d   Thumb Code   124  stm32f4xx_tim.o(.text)
    TIM_ClearOC2Ref                          0x080099b9   Thumb Code   106  stm32f4xx_tim.o(.text)
    TIM_ClearOC3Ref                          0x08009a23   Thumb Code    88  stm32f4xx_tim.o(.text)
    TIM_ClearOC4Ref                          0x08009a7b   Thumb Code    94  stm32f4xx_tim.o(.text)
    TIM_OC1PolarityConfig                    0x08009ad9   Thumb Code   124  stm32f4xx_tim.o(.text)
    TIM_OC1NPolarityConfig                   0x08009b55   Thumb Code   114  stm32f4xx_tim.o(.text)
    TIM_OC2PolarityConfig                    0x08009bc7   Thumb Code   108  stm32f4xx_tim.o(.text)
    TIM_OC2NPolarityConfig                   0x08009c33   Thumb Code    72  stm32f4xx_tim.o(.text)
    TIM_OC3PolarityConfig                    0x08009c7b   Thumb Code    96  stm32f4xx_tim.o(.text)
    TIM_OC3NPolarityConfig                   0x08009cdb   Thumb Code    72  stm32f4xx_tim.o(.text)
    TIM_OC4PolarityConfig                    0x08009d23   Thumb Code    96  stm32f4xx_tim.o(.text)
    TIM_CCxCmd                               0x08009d83   Thumb Code   168  stm32f4xx_tim.o(.text)
    TIM_CCxNCmd                              0x08009e2b   Thumb Code   104  stm32f4xx_tim.o(.text)
    TIM_SetIC4Prescaler                      0x08009e93   Thumb Code   106  stm32f4xx_tim.o(.text)
    TIM_SetIC3Prescaler                      0x08009f4d   Thumb Code   148  stm32f4xx_tim.o(.text)
    TIM_SetIC2Prescaler                      0x0800a029   Thumb Code   118  stm32f4xx_tim.o(.text)
    TIM_SetIC1Prescaler                      0x0800a0ef   Thumb Code   134  stm32f4xx_tim.o(.text)
    TIM_ICInit                               0x0800a1af   Thumb Code   460  stm32f4xx_tim.o(.text)
    TIM_ICStructInit                         0x0800a37b   Thumb Code    18  stm32f4xx_tim.o(.text)
    TIM_PWMIConfig                           0x0800a38d   Thumb Code   234  stm32f4xx_tim.o(.text)
    TIM_GetCapture1                          0x0800a477   Thumb Code    92  stm32f4xx_tim.o(.text)
    TIM_GetCapture2                          0x0800a4d3   Thumb Code    68  stm32f4xx_tim.o(.text)
    TIM_GetCapture3                          0x0800a517   Thumb Code    56  stm32f4xx_tim.o(.text)
    TIM_GetCapture4                          0x0800a54f   Thumb Code    56  stm32f4xx_tim.o(.text)
    TIM_BDTRConfig                           0x0800a587   Thumb Code   222  stm32f4xx_tim.o(.text)
    TIM_BDTRStructInit                       0x0800a665   Thumb Code    18  stm32f4xx_tim.o(.text)
    TIM_CtrlPWMOutputs                       0x0800a677   Thumb Code    78  stm32f4xx_tim.o(.text)
    TIM_SelectCOM                            0x0800a6c5   Thumb Code    72  stm32f4xx_tim.o(.text)
    TIM_CCPreloadControl                     0x0800a70d   Thumb Code    72  stm32f4xx_tim.o(.text)
    TIM_ITConfig                             0x0800a755   Thumb Code   216  stm32f4xx_tim.o(.text)
    TIM_GenerateEvent                        0x0800a82d   Thumb Code   126  stm32f4xx_tim.o(.text)
    TIM_GetFlagStatus                        0x0800a8ab   Thumb Code   188  stm32f4xx_tim.o(.text)
    TIM_ClearFlag                            0x0800a967   Thumb Code   108  stm32f4xx_tim.o(.text)
    TIM_GetITStatus                          0x0800a9d3   Thumb Code   186  stm32f4xx_tim.o(.text)
    TIM_ClearITPendingBit                    0x0800aa8d   Thumb Code   108  stm32f4xx_tim.o(.text)
    TIM_DMAConfig                            0x0800aaf9   Thumb Code   328  stm32f4xx_tim.o(.text)
    TIM_DMACmd                               0x0800ac41   Thumb Code   126  stm32f4xx_tim.o(.text)
    TIM_SelectCCDMA                          0x0800acbf   Thumb Code    96  stm32f4xx_tim.o(.text)
    TIM_InternalClockConfig                  0x0800ad1f   Thumb Code    76  stm32f4xx_tim.o(.text)
    TIM_SelectInputTrigger                   0x0800ad6b   Thumb Code   148  stm32f4xx_tim.o(.text)
    TIM_ITRxExternalClockConfig              0x0800adff   Thumb Code   110  stm32f4xx_tim.o(.text)
    TIM_TIxExternalClockConfig               0x0800ae6d   Thumb Code   184  stm32f4xx_tim.o(.text)
    TIM_ETRConfig                            0x0800af25   Thumb Code   164  stm32f4xx_tim.o(.text)
    TIM_ETRClockMode1Config                  0x0800afc9   Thumb Code   228  stm32f4xx_tim.o(.text)
    TIM_ETRClockMode2Config                  0x0800b0ad   Thumb Code   152  stm32f4xx_tim.o(.text)
    TIM_SelectOutputTrigger                  0x0800b145   Thumb Code   126  stm32f4xx_tim.o(.text)
    TIM_SelectSlaveMode                      0x0800b1c3   Thumb Code   112  stm32f4xx_tim.o(.text)
    TIM_SelectMasterSlaveMode                0x0800b233   Thumb Code   102  stm32f4xx_tim.o(.text)
    TIM_EncoderInterfaceConfig               0x0800b299   Thumb Code   226  stm32f4xx_tim.o(.text)
    TIM_SelectHallSensor                     0x0800b37b   Thumb Code   108  stm32f4xx_tim.o(.text)
    TIM_RemapConfig                          0x0800b3e7   Thumb Code   138  stm32f4xx_tim.o(.text)
    USART_DeInit                             0x0800b471   Thumb Code   202  stm32f4xx_usart.o(.text)
    USART_Init                               0x0800b53b   Thumb Code   456  stm32f4xx_usart.o(.text)
    USART_StructInit                         0x0800b703   Thumb Code    24  stm32f4xx_usart.o(.text)
    USART_ClockInit                          0x0800b71b   Thumb Code   166  stm32f4xx_usart.o(.text)
    USART_ClockStructInit                    0x0800b7c1   Thumb Code    12  stm32f4xx_usart.o(.text)
    USART_Cmd                                0x0800b7cd   Thumb Code    96  stm32f4xx_usart.o(.text)
    USART_SetPrescaler                       0x0800b82d   Thumb Code   102  stm32f4xx_usart.o(.text)
    USART_OverSampling8Cmd                   0x0800b893   Thumb Code    94  stm32f4xx_usart.o(.text)
    USART_OneBitMethodCmd                    0x0800b8f1   Thumb Code    96  stm32f4xx_usart.o(.text)
    USART_SendData                           0x0800b951   Thumb Code    80  stm32f4xx_usart.o(.text)
    USART_ReceiveData                        0x0800b9a1   Thumb Code    60  stm32f4xx_usart.o(.text)
    USART_SetAddress                         0x0800b9dd   Thumb Code    88  stm32f4xx_usart.o(.text)
    USART_ReceiverWakeUpCmd                  0x0800ba35   Thumb Code    96  stm32f4xx_usart.o(.text)
    USART_WakeUpConfig                       0x0800ba95   Thumb Code    92  stm32f4xx_usart.o(.text)
    USART_LINBreakDetectLengthConfig         0x0800baf1   Thumb Code    90  stm32f4xx_usart.o(.text)
    USART_LINCmd                             0x0800bb4b   Thumb Code    96  stm32f4xx_usart.o(.text)
    USART_SendBreak                          0x0800bbab   Thumb Code    62  stm32f4xx_usart.o(.text)
    USART_HalfDuplexCmd                      0x0800bbe9   Thumb Code    96  stm32f4xx_usart.o(.text)
    USART_SetGuardTime                       0x0800bc49   Thumb Code    86  stm32f4xx_usart.o(.text)
    USART_SmartCardCmd                       0x0800bc9f   Thumb Code    84  stm32f4xx_usart.o(.text)
    USART_SmartCardNACKCmd                   0x0800bcf3   Thumb Code    84  stm32f4xx_usart.o(.text)
    USART_IrDAConfig                         0x0800bd47   Thumb Code    90  stm32f4xx_usart.o(.text)
    USART_IrDACmd                            0x0800bda1   Thumb Code    96  stm32f4xx_usart.o(.text)
    USART_DMACmd                             0x0800be01   Thumb Code   114  stm32f4xx_usart.o(.text)
    USART_ITConfig                           0x0800be73   Thumb Code   260  stm32f4xx_usart.o(.text)
    USART_GetFlagStatus                      0x0800bf77   Thumb Code   170  stm32f4xx_usart.o(.text)
    USART_ClearFlag                          0x0800c021   Thumb Code   158  stm32f4xx_usart.o(.text)
    USART_GetITStatus                        0x0800c0bf   Thumb Code   278  stm32f4xx_usart.o(.text)
    USART_ClearITPendingBit                  0x0800c1d5   Thumb Code   164  stm32f4xx_usart.o(.text)
    __aeabi_dadd                             0x0800c295   Thumb Code   322  dadd.o(.text)
    __aeabi_dsub                             0x0800c3d7   Thumb Code     6  dadd.o(.text)
    __aeabi_drsub                            0x0800c3dd   Thumb Code     6  dadd.o(.text)
    __aeabi_dmul                             0x0800c3e3   Thumb Code   228  dmul.o(.text)
    __aeabi_ddiv                             0x0800c4c7   Thumb Code   222  ddiv.o(.text)
    __aeabi_i2d                              0x0800c5a5   Thumb Code    34  dflti.o(.text)
    __aeabi_cdcmpeq                          0x0800c5c9   Thumb Code     0  cdcmple.o(.text)
    __aeabi_cdcmple                          0x0800c5c9   Thumb Code    48  cdcmple.o(.text)
    __aeabi_cdrcmple                         0x0800c5f9   Thumb Code    48  cdrcmple.o(.text)
    __aeabi_d2f                              0x0800c629   Thumb Code    56  d2f.o(.text)
    __aeabi_llsl                             0x0800c661   Thumb Code    30  llshl.o(.text)
    _ll_shift_l                              0x0800c661   Thumb Code     0  llshl.o(.text)
    __aeabi_lasr                             0x0800c67f   Thumb Code    36  llsshr.o(.text)
    _ll_sshift_r                             0x0800c67f   Thumb Code     0  llsshr.o(.text)
    __I$use$fp                               0x0800c6a3   Thumb Code     0  iusefp.o(.text)
    _float_round                             0x0800c6a3   Thumb Code    18  fepilogue.o(.text)
    _float_epilogue                          0x0800c6b5   Thumb Code    92  fepilogue.o(.text)
    _double_round                            0x0800c711   Thumb Code    30  depilogue.o(.text)
    _double_epilogue                         0x0800c72f   Thumb Code   156  depilogue.o(.text)
    __scatterload                            0x0800c7cd   Thumb Code    28  init.o(.text)
    __scatterload_rt2                        0x0800c7cd   Thumb Code     0  init.o(.text)
    __aeabi_llsr                             0x0800c7f1   Thumb Code    32  llushr.o(.text)
    _ll_ushift_r                             0x0800c7f1   Thumb Code     0  llushr.o(.text)
    __decompress                             0x0800c811   Thumb Code     0  __dczerorl2.o(.text)
    __decompress1                            0x0800c811   Thumb Code    86  __dczerorl2.o(.text)
    __scatterload_copy                       0x0800c867   Thumb Code    14  handlers.o(i.__scatterload_copy)
    __scatterload_null                       0x0800c875   Thumb Code     2  handlers.o(i.__scatterload_null)
    __scatterload_zeroinit                   0x0800c877   Thumb Code    14  handlers.o(i.__scatterload_zeroinit)
    fast_atan_table                          0x0800c884   Data        1028  ano_math.o(.constdata)
    Region$$Table$$Base                      0x0800cf1c   Number         0  anon$$obj.o(Region$$Table)
    Region$$Table$$Limit                     0x0800cf3c   Number         0  anon$$obj.o(Region$$Table)
    fc_bat                                   0x2000005c   Data           4  ano_lx.o(.data)
    fc_att                                   0x20000060   Data           7  ano_lx.o(.data)
    fc_vel                                   0x20000067   Data           6  ano_lx.o(.data)
    fc_dis                                   0x2000006d   Data           8  ano_lx.o(.data)
    sti_fun                                  0x20000082   Data           2  lx_fc_state.o(.data)
    rol                                      0x20000088   Data           8  get_data.o(.data)
    pit                                      0x20000090   Data           8  get_data.o(.data)
    yaw                                      0x20000098   Data           8  get_data.o(.data)
    yaw_part                                 0x200000a0   Data           8  get_data.o(.data)
    yaw_last                                 0x200000a8   Data           8  get_data.o(.data)
    yaw_round                                0x200000b0   Data           8  get_data.o(.data)
    vel_x                                    0x200000b8   Data           2  get_data.o(.data)
    vel_y                                    0x200000ba   Data           2  get_data.o(.data)
    vel_z                                    0x200000bc   Data           2  get_data.o(.data)
    hight                                    0x200000c0   Data           4  get_data.o(.data)
    dis_x                                    0x200000c4   Data           4  get_data.o(.data)
    dis_y                                    0x200000c8   Data           4  get_data.o(.data)
    dis_x___                                 0x200000cc   Data           4  get_data.o(.data)
    dis_y___                                 0x200000d0   Data           4  get_data.o(.data)
    my_code_control_flag                     0x200000d4   Data           4  control.o(.data)
    my_give_vel_x                            0x200000d8   Data           4  control.o(.data)
    my_give_vel_y                            0x200000dc   Data           4  control.o(.data)
    my_give_vel_z                            0x200000e0   Data           4  control.o(.data)
    my_give_vel_yaw                          0x200000e4   Data           4  control.o(.data)
    Task_time_dly_cnt_ms                     0x200000e8   Data           4  control.o(.data)
    mission_step                             0x200000ec   Data           4  control.o(.data)
    pvt_receive_updata                       0x2000010a   Data           1  drv_ubloxgps.o(.data)
    fre_test_cnt                             0x2000010c   Data           2  drv_ubloxgps.o(.data)
    Period_Out_H                             0x2000010e   Data          14  drv_ubloxgps.o(.data)
    Period_Out_L                             0x2000011c   Data          14  drv_ubloxgps.o(.data)
    Pulse_Period                             0x2000012a   Data          28  drv_ubloxgps.o(.data)
    Baud115200                               0x20000146   Data          28  drv_ubloxgps.o(.data)
    Save_Con                                 0x20000162   Data          21  drv_ubloxgps.o(.data)
    POLLSH_SET                               0x20000177   Data          11  drv_ubloxgps.o(.data)
    SOL_SET                                  0x20000182   Data          11  drv_ubloxgps.o(.data)
    VELNED_SET                               0x2000018d   Data          11  drv_ubloxgps.o(.data)
    TIMEUTC_SET                              0x20000198   Data          11  drv_ubloxgps.o(.data)
    DOP_SET                                  0x200001a3   Data          11  drv_ubloxgps.o(.data)
    PVT_SET                                  0x200001ae   Data          11  drv_ubloxgps.o(.data)
    pvt_recerve_ok_cnt                       0x200001be   Data           1  drv_ubloxgps.o(.data)
    led                                      0x200001c8   Data           4  drv_led.o(.data)
    Tx1Counter                               0x200001d8   Data           1  drv_uart.o(.data)
    count1                                   0x200001d9   Data           1  drv_uart.o(.data)
    U1RxInCnt                                0x200001da   Data           1  drv_uart.o(.data)
    U1RxoutCnt                               0x200001db   Data           1  drv_uart.o(.data)
    Tx2Counter                               0x200001dc   Data           1  drv_uart.o(.data)
    count                                    0x200001dd   Data           1  drv_uart.o(.data)
    U2RxInCnt                                0x200001de   Data           1  drv_uart.o(.data)
    U2RxoutCnt                               0x200001df   Data           1  drv_uart.o(.data)
    Tx3Counter                               0x200001e0   Data           1  drv_uart.o(.data)
    count3                                   0x200001e1   Data           1  drv_uart.o(.data)
    U3RxInCnt                                0x200001e2   Data           1  drv_uart.o(.data)
    U3RxoutCnt                               0x200001e3   Data           1  drv_uart.o(.data)
    Tx4Counter                               0x200001e4   Data           1  drv_uart.o(.data)
    count4                                   0x200001e5   Data           1  drv_uart.o(.data)
    U4RxInCnt                                0x200001e6   Data           1  drv_uart.o(.data)
    U4RxoutCnt                               0x200001e7   Data           1  drv_uart.o(.data)
    Tx5Counter                               0x200001e8   Data           1  drv_uart.o(.data)
    count5                                   0x200001e9   Data           1  drv_uart.o(.data)
    U5RxInCnt                                0x200001ea   Data           1  drv_uart.o(.data)
    U5RxoutCnt                               0x200001eb   Data           1  drv_uart.o(.data)
    SystemCoreClock                          0x200001ec   Data           4  system_stm32f4xx.o(.data)
    AHBPrescTable                            0x200001f0   Data          16  system_stm32f4xx.o(.data)
    send_buffer                              0x20000210   Data          50  ano_dt_lx.o(.bss)
    dt                                       0x20000244   Data        1564  ano_dt_lx.o(.bss)
    rt_tar                                   0x20000960   Data          14  ano_lx.o(.bss)
    pwm_to_esc                               0x2000096e   Data          16  ano_lx.o(.bss)
    fc_att_qua                               0x2000097e   Data           9  ano_lx.o(.bss)
    fc_hight                                 0x20000987   Data           9  ano_lx.o(.bss)
    ext_sens                                 0x200009a0   Data          48  lx_fc_ext_sensor.o(.bss)
    fc_sta                                   0x200009d0   Data          11  lx_fc_state.o(.bss)
    rc_in                                    0x20000adc   Data          82  drv_bsp.o(.bss)
    ano_of                                   0x20000b48   Data          60  drv_anoof.o(.bss)
    ubx                                      0x20000bc4   Data         100  drv_ubloxgps.o(.bss)
    AdcValue                                 0x20000c28   Data         100  drv_adc.o(.bss)
    Tx1Buffer                                0x20000c8c   Data         256  drv_uart.o(.bss)
    U1RxDataTmp                              0x20000d8c   Data         100  drv_uart.o(.bss)
    Tx2Buffer                                0x20000df0   Data         256  drv_uart.o(.bss)
    U2RxDataTmp                              0x20000ef0   Data         100  drv_uart.o(.bss)
    Tx3Buffer                                0x20000f54   Data         256  drv_uart.o(.bss)
    U3RxDataTmp                              0x20001054   Data         100  drv_uart.o(.bss)
    Tx4Buffer                                0x200010b8   Data         256  drv_uart.o(.bss)
    U4RxDataTmp                              0x200011b8   Data         100  drv_uart.o(.bss)
    Tx5Buffer                                0x2000121c   Data         256  drv_uart.o(.bss)
    U5RxDataTmp                              0x2000131c   Data         100  drv_uart.o(.bss)
    __initial_sp                             0x20001b80   Data           0  startup_stm32f4xx.o(STACK)



==============================================================================

Memory Map of the image

  Image Entry point : 0x08000189

  Load Region LR_IROM1 (Base: 0x08000000, Size: 0x0000d14c, Max: 0x00100000, ABSOLUTE, COMPRESSED[0x0000cfe8])

    Execution Region ER_IROM1 (Exec base: 0x08000000, Load base: 0x08000000, Size: 0x0000cf3c, Max: 0x00100000, ABSOLUTE)

    Exec Addr    Load Addr    Size         Type   Attr      Idx    E Section Name        Object

    0x08000000   0x08000000   0x00000188   Data   RO          761    RESET               startup_stm32f4xx.o
    0x08000188   0x08000188   0x00000000   Code   RO          960  * .ARM.Collect$$$$00000000  mc_w.l(entry.o)
    0x08000188   0x08000188   0x00000004   Code   RO          977    .ARM.Collect$$$$00000001  mc_w.l(entry2.o)
    0x0800018c   0x0800018c   0x00000004   Code   RO          980    .ARM.Collect$$$$00000004  mc_w.l(entry5.o)
    0x08000190   0x08000190   0x00000000   Code   RO          982    .ARM.Collect$$$$00000008  mc_w.l(entry7b.o)
    0x08000190   0x08000190   0x00000000   Code   RO          984    .ARM.Collect$$$$0000000A  mc_w.l(entry8b.o)
    0x08000190   0x08000190   0x00000008   Code   RO          985    .ARM.Collect$$$$0000000B  mc_w.l(entry9a.o)
    0x08000198   0x08000198   0x00000000   Code   RO          987    .ARM.Collect$$$$0000000D  mc_w.l(entry10a.o)
    0x08000198   0x08000198   0x00000000   Code   RO          989    .ARM.Collect$$$$0000000F  mc_w.l(entry11a.o)
    0x08000198   0x08000198   0x00000004   Code   RO          978    .ARM.Collect$$$$00002712  mc_w.l(entry2.o)
    0x0800019c   0x0800019c   0x00000014   Code   RO            2    .text               main.o
    0x080001b0   0x080001b0   0x000000b8   Code   RO          112    .text               ano_scheduler.o
    0x08000268   0x08000268   0x00000168   Code   RO          137    .text               user_task.o
    0x080003d0   0x080003d0   0x000007d4   Code   RO          164    .text               ano_dt_lx.o
    0x08000ba4   0x08000ba4   0x000004e4   Code   RO          203    .text               ano_lx.o
    0x08001088   0x08001088   0x000000e4   Code   RO          250    .text               lx_fc_ext_sensor.o
    0x0800116c   0x0800116c   0x0000029c   Code   RO          273    .text               lx_fc_fun.o
    0x08001408   0x08001408   0x00000284   Code   RO          290    .text               lx_fc_state.o
    0x0800168c   0x0800168c   0x000001c8   Code   RO          313    .text               get_data.o
    0x08001854   0x08001854   0x00000038   Code   RO          334    .text               control.o
    0x0800188c   0x0800188c   0x0000017c   Code   RO          440    .text               vision.o
    0x08001a08   0x08001a08   0x000004d8   Code   RO          510    .text               drv_bsp.o
    0x08001ee0   0x08001ee0   0x0000087c   Code   RO          536    .text               ano_math.o
    0x0800275c   0x0800275c   0x00000340   Code   RO          558    .text               drv_anoof.o
    0x08002a9c   0x08002a9c   0x000003a8   Code   RO          581    .text               drv_ubloxgps.o
    0x08002e44   0x08002e44   0x0000007c   Code   RO          601    .text               stm32f4xx_it.o
    0x08002ec0   0x08002ec0   0x00000108   Code   RO          617    .text               drv_sys.o
    0x08002fc8   0x08002fc8   0x00000194   Code   RO          642    .text               drv_adc.o
    0x0800315c   0x0800315c   0x0000011c   Code   RO          661    .text               drv_led.o
    0x08003278   0x08003278   0x0000037c   Code   RO          683    .text               drv_pwmout.o
    0x080035f4   0x080035f4   0x000001e4   Code   RO          699    .text               drv_rcin.o
    0x080037d8   0x080037d8   0x0000008c   Code   RO          716    .text               drv_timer.o
    0x08003864   0x08003864   0x00000a50   Code   RO          736    .text               drv_uart.o
    0x080042b4   0x080042b4   0x00000024   Code   RO          762    .text               startup_stm32f4xx.o
    0x080042d8   0x080042d8   0x00000210   Code   RO          767    .text               system_stm32f4xx.o
    0x080044e8   0x080044e8   0x000001c0   Code   RO          789    .text               misc.o
    0x080046a8   0x080046a8   0x00000fdc   Code   RO          806    .text               stm32f4xx_adc.o
    0x08005684   0x08005684   0x00001368   Code   RO          823    .text               stm32f4xx_dma.o
    0x080069ec   0x080069ec   0x000002d4   Code   RO          840    .text               stm32f4xx_exti.o
    0x08006cc0   0x08006cc0   0x000008c8   Code   RO          874    .text               stm32f4xx_gpio.o
    0x08007588   0x08007588   0x00000cfc   Code   RO          891    .text               stm32f4xx_rcc.o
    0x08008284   0x08008284   0x000031ec   Code   RO          927    .text               stm32f4xx_tim.o
    0x0800b470   0x0800b470   0x00000e24   Code   RO          944    .text               stm32f4xx_usart.o
    0x0800c294   0x0800c294   0x0000014e   Code   RO          963    .text               mf_w.l(dadd.o)
    0x0800c3e2   0x0800c3e2   0x000000e4   Code   RO          965    .text               mf_w.l(dmul.o)
    0x0800c4c6   0x0800c4c6   0x000000de   Code   RO          967    .text               mf_w.l(ddiv.o)
    0x0800c5a4   0x0800c5a4   0x00000022   Code   RO          969    .text               mf_w.l(dflti.o)
    0x0800c5c6   0x0800c5c6   0x00000002   PAD
    0x0800c5c8   0x0800c5c8   0x00000030   Code   RO          971    .text               mf_w.l(cdcmple.o)
    0x0800c5f8   0x0800c5f8   0x00000030   Code   RO          973    .text               mf_w.l(cdrcmple.o)
    0x0800c628   0x0800c628   0x00000038   Code   RO          975    .text               mf_w.l(d2f.o)
    0x0800c660   0x0800c660   0x0000001e   Code   RO          991    .text               mc_w.l(llshl.o)
    0x0800c67e   0x0800c67e   0x00000024   Code   RO          993    .text               mc_w.l(llsshr.o)
    0x0800c6a2   0x0800c6a2   0x00000000   Code   RO          995    .text               mc_w.l(iusefp.o)
    0x0800c6a2   0x0800c6a2   0x0000006e   Code   RO          996    .text               mf_w.l(fepilogue.o)
    0x0800c710   0x0800c710   0x000000ba   Code   RO          998    .text               mf_w.l(depilogue.o)
    0x0800c7ca   0x0800c7ca   0x00000002   PAD
    0x0800c7cc   0x0800c7cc   0x00000024   Code   RO         1000    .text               mc_w.l(init.o)
    0x0800c7f0   0x0800c7f0   0x00000020   Code   RO         1002    .text               mc_w.l(llushr.o)
    0x0800c810   0x0800c810   0x00000056   Code   RO         1012    .text               mc_w.l(__dczerorl2.o)
    0x0800c866   0x0800c866   0x0000000e   Code   RO         1006    i.__scatterload_copy  mc_w.l(handlers.o)
    0x0800c874   0x0800c874   0x00000002   Code   RO         1007    i.__scatterload_null  mc_w.l(handlers.o)
    0x0800c876   0x0800c876   0x0000000e   Code   RO         1008    i.__scatterload_zeroinit  mc_w.l(handlers.o)
    0x0800c884   0x0800c884   0x00000404   Data   RO          537    .constdata          ano_math.o
    0x0800cc88   0x0800cc88   0x00000048   Data   RO          790    .conststring        misc.o
    0x0800ccd0   0x0800ccd0   0x00000051   Data   RO          807    .conststring        stm32f4xx_adc.o
    0x0800cd21   0x0800cd21   0x00000003   PAD
    0x0800cd24   0x0800cd24   0x00000051   Data   RO          824    .conststring        stm32f4xx_dma.o
    0x0800cd75   0x0800cd75   0x00000003   PAD
    0x0800cd78   0x0800cd78   0x00000052   Data   RO          841    .conststring        stm32f4xx_exti.o
    0x0800cdca   0x0800cdca   0x00000002   PAD
    0x0800cdcc   0x0800cdcc   0x00000052   Data   RO          875    .conststring        stm32f4xx_gpio.o
    0x0800ce1e   0x0800ce1e   0x00000002   PAD
    0x0800ce20   0x0800ce20   0x00000051   Data   RO          892    .conststring        stm32f4xx_rcc.o
    0x0800ce71   0x0800ce71   0x00000003   PAD
    0x0800ce74   0x0800ce74   0x00000051   Data   RO          928    .conststring        stm32f4xx_tim.o
    0x0800cec5   0x0800cec5   0x00000003   PAD
    0x0800cec8   0x0800cec8   0x00000053   Data   RO          945    .conststring        stm32f4xx_usart.o
    0x0800cf1b   0x0800cf1b   0x00000001   PAD
    0x0800cf1c   0x0800cf1c   0x00000020   Data   RO         1004    Region$$Table       anon$$obj.o


    Execution Region RW_IRAM1 (Exec base: 0x20000000, Load base: 0x0800cf3c, Size: 0x00001b80, Max: 0x00020000, ABSOLUTE, COMPRESSED[0x000000ac])

    Exec Addr    Load Addr    Size         Type   Attr      Idx    E Section Name        Object

    0x20000000   COMPRESSED   0x00000054   Data   RW          113    .data               ano_scheduler.o
    0x20000054   COMPRESSED   0x00000002   Data   RW          138    .data               user_task.o
    0x20000056   COMPRESSED   0x00000006   Data   RW          166    .data               ano_dt_lx.o
    0x2000005c   COMPRESSED   0x00000020   Data   RW          205    .data               ano_lx.o
    0x2000007c   COMPRESSED   0x00000004   Data   RW          252    .data               lx_fc_ext_sensor.o
    0x20000080   COMPRESSED   0x00000001   Data   RW          274    .data               lx_fc_fun.o
    0x20000081   COMPRESSED   0x00000001   PAD
    0x20000082   COMPRESSED   0x00000006   Data   RW          292    .data               lx_fc_state.o
    0x20000088   COMPRESSED   0x0000004c   Data   RW          314    .data               get_data.o
    0x200000d4   COMPRESSED   0x0000001c   Data   RW          335    .data               control.o
    0x200000f0   COMPRESSED   0x00000004   Data   RW          442    .data               vision.o
    0x200000f4   COMPRESSED   0x00000013   Data   RW          512    .data               drv_bsp.o
    0x20000107   COMPRESSED   0x00000003   Data   RW          560    .data               drv_anoof.o
    0x2000010a   COMPRESSED   0x000000b6   Data   RW          583    .data               drv_ubloxgps.o
    0x200001c0   COMPRESSED   0x00000008   Data   RW          618    .data               drv_sys.o
    0x200001c8   COMPRESSED   0x0000000c   Data   RW          662    .data               drv_led.o
    0x200001d4   COMPRESSED   0x00000004   Data   RW          700    .data               drv_rcin.o
    0x200001d8   COMPRESSED   0x00000014   Data   RW          738    .data               drv_uart.o
    0x200001ec   COMPRESSED   0x00000014   Data   RW          768    .data               system_stm32f4xx.o
    0x20000200   COMPRESSED   0x00000010   Data   RW          893    .data               stm32f4xx_rcc.o
    0x20000210        -       0x00000750   Zero   RW          165    .bss                ano_dt_lx.o
    0x20000960        -       0x00000040   Zero   RW          204    .bss                ano_lx.o
    0x200009a0        -       0x00000030   Zero   RW          251    .bss                lx_fc_ext_sensor.o
    0x200009d0        -       0x0000000b   Zero   RW          291    .bss                lx_fc_state.o
    0x200009db        -       0x00000100   Zero   RW          441    .bss                vision.o
    0x20000adb   COMPRESSED   0x00000001   PAD
    0x20000adc        -       0x0000006b   Zero   RW          511    .bss                drv_bsp.o
    0x20000b47   COMPRESSED   0x00000001   PAD
    0x20000b48        -       0x0000007c   Zero   RW          559    .bss                drv_anoof.o
    0x20000bc4        -       0x00000064   Zero   RW          582    .bss                drv_ubloxgps.o
    0x20000c28        -       0x00000064   Zero   RW          643    .bss                drv_adc.o
    0x20000c8c        -       0x000006f4   Zero   RW          737    .bss                drv_uart.o
    0x20001380        -       0x00000800   Zero   RW          759    STACK               startup_stm32f4xx.o


==============================================================================

Image component sizes


      Code (inc. data)   RO Data    RW Data    ZI Data      Debug   Object Name

      2004         98          0          6       1872       6422   ano_dt_lx.o
      1252        118          0         32         64       5678   ano_lx.o
      2172        142       1028          0          0       7794   ano_math.o
       184          6          0         84          0       2004   ano_scheduler.o
         0          0          0          0          0     215684   computer.o
        56         10          0         28          0       1267   control.o
       404         36          0          0        100       1925   drv_adc.o
       832         36          0          3        124       3138   drv_anoof.o
      1240         64          0         19        107       3610   drv_bsp.o
       284         12          0         12          0       2550   drv_led.o
       892         38          0          0          0       1847   drv_pwmout.o
       484         20          0          4          0       1460   drv_rcin.o
       264         12          0          8          0      20365   drv_sys.o
       140          4          0          0          0        939   drv_timer.o
      2640        170          0         20       1780       9081   drv_uart.o
       936         82          0        182        100       3455   drv_ubloxgps.o
       456        102          0         76          0       1219   get_data.o
       228         30          0          4         48       2667   lx_fc_ext_sensor.o
       668         12          0          1          0       2748   lx_fc_fun.o
       644         30          0          6         11       2071   lx_fc_state.o
        20          0          0          0          0     299965   main.o
       448         30         72          0          0       2313   misc.o
        36          8        392          0       2048        944   startup_stm32f4xx.o
      4060        104         81          0          0      13626   stm32f4xx_adc.o
      4968        316         81          0          0       9237   stm32f4xx_dma.o
       724         14         82          0          0       2991   stm32f4xx_exti.o
      2248         86         82          0          0       5693   stm32f4xx_gpio.o
       124          4          0          0          0       2338   stm32f4xx_it.o
      3324        218         81         16          0      13847   stm32f4xx_rcc.o
     12780        628         81          0          0      31480   stm32f4xx_tim.o
      3620        116         83          0          0      10360   stm32f4xx_usart.o
       528         46          0         20          0       2243   system_stm32f4xx.o
       360         34          0          2          0        781   user_task.o
       380         20          0          4        256       1901   vision.o

    ----------------------------------------------------------------------
     49400       2646       2112        528       6512     693643   Object Totals
         0          0         32          0          0          0   (incl. Generated)
         0          0         17          1          2          0   (incl. Padding)

    ----------------------------------------------------------------------

      Code (inc. data)   RO Data    RW Data    ZI Data      Debug   Library Member Name

        86          0          0          0          0          0   __dczerorl2.o
         0          0          0          0          0          0   entry.o
         0          0          0          0          0          0   entry10a.o
         0          0          0          0          0          0   entry11a.o
         8          4          0          0          0          0   entry2.o
         4          0          0          0          0          0   entry5.o
         0          0          0          0          0          0   entry7b.o
         0          0          0          0          0          0   entry8b.o
         8          4          0          0          0          0   entry9a.o
        30          0          0          0          0          0   handlers.o
        36          8          0          0          0         68   init.o
         0          0          0          0          0          0   iusefp.o
        30          0          0          0          0         68   llshl.o
        36          0          0          0          0         68   llsshr.o
        32          0          0          0          0         68   llushr.o
        48          0          0          0          0         68   cdcmple.o
        48          0          0          0          0         68   cdrcmple.o
        56          0          0          0          0         88   d2f.o
       334          0          0          0          0        148   dadd.o
       222          0          0          0          0        100   ddiv.o
       186          0          0          0          0        176   depilogue.o
        34          0          0          0          0         76   dflti.o
       228          0          0          0          0         96   dmul.o
       110          0          0          0          0        168   fepilogue.o

    ----------------------------------------------------------------------
      1540         16          0          0          0       1260   Library Totals
         4          0          0          0          0          0   (incl. Padding)

    ----------------------------------------------------------------------

      Code (inc. data)   RO Data    RW Data    ZI Data      Debug   Library Name

       270         16          0          0          0        272   mc_w.l
      1266          0          0          0          0        988   mf_w.l

    ----------------------------------------------------------------------
      1540         16          0          0          0       1260   Library Totals

    ----------------------------------------------------------------------

==============================================================================


      Code (inc. data)   RO Data    RW Data    ZI Data      Debug   

     50940       2662       2112        528       6512     689215   Grand Totals
     50940       2662       2112        172       6512     689215   ELF Image Totals (compressed)
     50940       2662       2112        172          0          0   ROM Totals

==============================================================================

    Total RO  Size (Code + RO Data)                53052 (  51.81kB)
    Total RW  Size (RW Data + ZI Data)              7040 (   6.88kB)
    Total ROM Size (Code + RO Data + RW Data)      53224 (  51.98kB)

==============================================================================

